// Jest Snapshot v1, https://goo.gl/fbAQLP

exports[`App 1`] = `
Array [
  <View
    collapsable={false}
    nativeID="animatedComponent"
    style={
      Object {
        "backgroundColor": "#ffffff",
        "elevation": 1,
        "shadowColor": "#000000",
        "shadowOffset": Object {
          "height": 0.5,
          "width": 0,
        },
        "shadowOpacity": 0.24,
        "shadowRadius": 0.75,
        "zIndex": 99,
      }
    }
  >
    <View
      style={
        Array [
          Object {
            "alignSelf": "center",
            "overflow": "hidden",
            "width": "100%",
          },
          undefined,
        ]
      }
    >
      <View
        collapsable={false}
        nativeID="animatedComponent"
        style={
          Object {
            "height": 0,
          }
        }
      />
      <View
        collapsable={false}
        nativeID="animatedComponent"
        onLayout={[Function]}
        style={
          Object {
            "opacity": 0,
            "position": "absolute",
            "top": 0,
            "transform": Array [
              Object {
                "translateY": -0,
              },
            ],
            "width": "100%",
          }
        }
      >
        <View
          style={
            Object {
              "position": "absolute",
              "right": 5,
              "top": 4,
            }
          }
        >
          <View
            accessibilityRole="button"
            accessibilityState={
              Object {
                "disabled": false,
              }
            }
            accessible={true}
            centered={true}
            collapsable={false}
            focusable={true}
            hitSlop={
              Object {
                "bottom": 6,
                "left": 6,
                "right": 6,
                "top": 6,
              }
            }
            nativeID="animatedComponent"
            onClick={[Function]}
            onLayout={[Function]}
            onResponderGrant={[Function]}
            onResponderMove={[Function]}
            onResponderRelease={[Function]}
            onResponderTerminate={[Function]}
            onResponderTerminationRequest={[Function]}
            onStartShouldSetResponder={[Function]}
            pointerEvents="box-only"
            style={Object {}}
          >
            <View
              style={
                Array [
                  Object {
                    "overflow": "hidden",
                  },
                  Array [
                    Object {
                      "alignItems": "center",
                      "justifyContent": "center",
                      "margin": 6,
                      "overflow": "hidden",
                    },
                    Object {
                      "borderRadius": 15,
                      "height": 30,
                      "width": 30,
                    },
                    undefined,
                    undefined,
                  ],
                ]
              }
            >
              <View>
                <Text
                  accessibilityElementsHidden={true}
                  allowFontScaling={false}
                  importantForAccessibility="no-hide-descendants"
                  pointerEvents="none"
                  style={
                    Array [
                      Object {
                        "color": "#595959",
                        "fontSize": 20,
                      },
                      Array [
                        Object {
                          "transform": Array [
                            Object {
                              "scaleX": 1,
                            },
                          ],
                        },
                        Object {
                          "backgroundColor": "transparent",
                        },
                      ],
                      Object {
                        "fontFamily": "Material Design Icons",
                        "fontStyle": "normal",
                        "fontWeight": "normal",
                      },
                      Object {},
                    ]
                  }
                >
                  
                </Text>
              </View>
            </View>
            <View
              style={
                Array [
                  Object {
                    "backgroundColor": "transparent",
                    "bottom": 0,
                    "left": 0,
                    "overflow": "hidden",
                    "position": "absolute",
                    "right": 0,
                    "top": 0,
                  },
                  Object {
                    "borderRadius": 0,
                  },
                ]
              }
            />
          </View>
        </View>
        <View
          style={
            Object {
              "flex": 1,
              "flexDirection": "row",
              "justifyContent": "center",
              "marginBottom": 0,
              "marginLeft": 16,
              "marginRight": 56,
              "marginTop": 8,
            }
          }
        >
          <View
            style={
              Object {
                "maxWidth": "100%",
              }
            }
          >
            <Text
              style={
                Array [
                  Object {
                    "color": "#000000",
                    "fontFamily": "System",
                    "fontWeight": "400",
                    "textAlign": "left",
                    "writingDirection": "ltr",
                  },
                  Array [
                    Object {
                      "flex": 1,
                      "fontSize": 14,
                      "fontWeight": "bold",
                      "margin": 8,
                    },
                    Object {
                      "color": "#000000",
                    },
                  ],
                ]
              }
            />
          </View>
        </View>
        <View
          style={
            Object {
              "flexDirection": "row",
              "justifyContent": "flex-end",
              "margin": 4,
            }
          }
        />
      </View>
    </View>
  </View>,
  <View
    style={
      Object {
        "marginBottom": 20,
      }
    }
  >
    <Text
      style={
        Array [
          Object {
            "color": "#000000",
            "fontFamily": "System",
            "fontWeight": "400",
            "textAlign": "left",
            "writingDirection": "ltr",
          },
          Array [
            Object {
              "color": "rgba(0, 0, 0, 0.87)",
              "fontFamily": "System",
              "fontWeight": "400",
              "textAlign": "left",
              "writingDirection": "ltr",
            },
            Array [
              Object {
                "fontSize": 24,
                "fontWeight": "bold",
                "letterSpacing": 0,
                "lineHeight": 32,
                "marginVertical": 2,
              },
              undefined,
            ],
            Array [
              Object {
                "fontSize": 24,
                "fontWeight": "bold",
                "letterSpacing": 0,
                "lineHeight": 32,
                "marginVertical": 2,
              },
              undefined,
            ],
          ],
        ]
      }
    >
      Deliveries
    </Text>
    <View
      style={
        Object {
          "flexDirection": "row",
          "justifyContent": "space-between",
          "paddingTop": 15,
          "width": "100%",
        }
      }
    >
      <View
        collapsable={false}
      >
        <View
          onLayout={[Function]}
          style={
            Array [
              Object {
                "width": 176,
              },
              Array [
                Object {
                  "width": "100%",
                },
                undefined,
                Object {
                  "width": 300,
                },
              ],
              Object {
                "opacity": 1,
              },
            ]
          }
        >
          <View
            style={
              Array [
                Object {
                  "borderColor": "#D9D9D9",
                  "borderRadius": 4,
                  "borderWidth": 1,
                },
                Object {
                  "width": 300,
                },
              ]
            }
          >
            <View
              style={
                Object {
                  "alignItems": "center",
                  "flexDirection": "row",
                  "height": 40,
                  "minHeight": 40,
                  "overflow": "hidden",
                  "paddingBottom": 0,
                  "paddingTop": 0,
                }
              }
            >
              <View
                accessible={true}
                focusable={false}
                onClick={[Function]}
                onResponderGrant={[Function]}
                onResponderMove={[Function]}
                onResponderRelease={[Function]}
                onResponderTerminate={[Function]}
                onResponderTerminationRequest={[Function]}
                onStartShouldSetResponder={[Function]}
                style={
                  Object {
                    "left": 10,
                    "opacity": 1,
                    "position": "absolute",
                    "right": "auto",
                    "top": "50%",
                    "transform": Array [
                      Object {
                        "translateY": -12.5,
                      },
                    ],
                    "zIndex": 5,
                  }
                }
              >
                <Text
                  accessibilityElementsHidden={true}
                  allowFontScaling={false}
                  importantForAccessibility="no-hide-descendants"
                  pointerEvents="none"
                  style={
                    Array [
                      Object {
                        "color": "#999",
                        "fontSize": 25,
                      },
                      Array [
                        Object {
                          "transform": Array [
                            Object {
                              "scaleX": 1,
                            },
                          ],
                        },
                        Object {
                          "backgroundColor": "transparent",
                        },
                      ],
                      Object {
                        "fontFamily": "Material Design Icons",
                        "fontStyle": "normal",
                        "fontWeight": "normal",
                      },
                      Object {},
                    ]
                  }
                >
                  
                </Text>
              </View>
              <TextInput
                editable={true}
                maxResizableWidth={750}
                minHeight={60}
                minWidth={0}
                onBlur={[Function]}
                onChangeText={[Function]}
                onFocus={[Function]}
                onSubmitEditing={[Function]}
                paddingLeft={40}
                paddingRight={8}
                placeholder="Account Name"
                placeholderTextColor="rgba(0, 0, 0, 0.54)"
                selectionColor="#0768FD"
                style={
                  Array [
                    Object {
                      "margin": 0,
                      "textAlign": "left",
                      "zIndex": 5,
                    },
                    undefined,
                    Object {
                      "color": "#000000",
                      "fontFamily": "System",
                      "fontSize": 16,
                      "fontWeight": undefined,
                      "height": 40,
                      "minHeight": 0,
                      "paddingLeft": 40,
                      "paddingRight": 8,
                      "paddingVertical": 5,
                      "textAlignVertical": "center",
                      "width": "100%",
                    },
                  ]
                }
                testID="search"
                value=""
              />
            </View>
          </View>
        </View>
      </View>
      <View
        style={
          Object {
            "width": 300,
          }
        }
      >
        <View
          onLayout={[Function]}
          style={
            Array [
              Object {
                "width": 176,
              },
              Array [
                Object {
                  "width": "100%",
                },
                undefined,
                undefined,
              ],
              Object {
                "opacity": 1,
              },
            ]
          }
        >
          <View
            style={
              Array [
                Object {
                  "borderColor": "#D9D9D9",
                  "borderRadius": 4,
                  "borderWidth": 1,
                },
                Object {
                  "width": "100%",
                },
              ]
            }
          >
            <View
              style={
                Object {
                  "alignItems": "center",
                  "flexDirection": "row",
                  "height": 40,
                  "minHeight": 40,
                  "overflow": "hidden",
                  "paddingBottom": 0,
                  "paddingTop": 0,
                }
              }
            >
              <View
                accessible={true}
                focusable={false}
                onClick={[Function]}
                onResponderGrant={[Function]}
                onResponderMove={[Function]}
                onResponderRelease={[Function]}
                onResponderTerminate={[Function]}
                onResponderTerminationRequest={[Function]}
                onStartShouldSetResponder={[Function]}
                style={
                  Object {
                    "left": 10,
                    "opacity": 1,
                    "position": "absolute",
                    "right": "auto",
                    "top": "50%",
                    "transform": Array [
                      Object {
                        "translateY": -12.5,
                      },
                    ],
                    "zIndex": 5,
                  }
                }
              >
                <Text
                  accessibilityElementsHidden={true}
                  allowFontScaling={false}
                  importantForAccessibility="no-hide-descendants"
                  pointerEvents="none"
                  style={
                    Array [
                      Object {
                        "color": "#999",
                        "fontSize": 25,
                      },
                      Array [
                        Object {
                          "transform": Array [
                            Object {
                              "scaleX": 1,
                            },
                          ],
                        },
                        Object {
                          "backgroundColor": "transparent",
                        },
                      ],
                      Object {
                        "fontFamily": "Material Design Icons",
                        "fontStyle": "normal",
                        "fontWeight": "normal",
                      },
                      Object {},
                    ]
                  }
                >
                  
                </Text>
              </View>
              <TextInput
                editable={true}
                maxResizableWidth={750}
                minHeight={60}
                minWidth={0}
                onBlur={[Function]}
                onChangeText={[Function]}
                onFocus={[Function]}
                paddingLeft={40}
                paddingRight={8}
                placeholder="Search product name"
                placeholderTextColor="rgba(0, 0, 0, 0.54)"
                selectionColor="#0768FD"
                style={
                  Array [
                    Object {
                      "margin": 0,
                      "textAlign": "left",
                      "zIndex": 5,
                    },
                    undefined,
                    Object {
                      "color": "#000000",
                      "fontFamily": "System",
                      "fontSize": 16,
                      "fontWeight": undefined,
                      "height": 40,
                      "minHeight": 0,
                      "paddingLeft": 40,
                      "paddingRight": 8,
                      "paddingVertical": 5,
                      "textAlignVertical": "center",
                      "width": "100%",
                    },
                  ]
                }
                testID="search-view"
                value=""
              />
            </View>
          </View>
        </View>
      </View>
      <View
        style={
          Object {
            "width": 300,
          }
        }
        testID="filterWrapper"
      >
        <View
          style={
            Array [
              Object {
                "width": "100%",
              },
              undefined,
            ]
          }
        >
          <View>
            <View
              collapsable={false}
            >
              <View
                onLayout={[Function]}
                style={
                  Array [
                    Object {
                      "alignItems": "center",
                      "flexDirection": "row",
                    },
                    Object {
                      "backgroundColor": "rgba(246, 246, 246, 0.4)",
                      "borderColor": "rgba(217, 217, 217, 0.4)",
                      "borderRadius": 4,
                      "borderWidth": 1,
                      "elevation": 0,
                      "height": 40,
                    },
                    undefined,
                  ]
                }
              >
                <View
                  style={
                    Object {
                      "alignItems": "center",
                      "alignSelf": "stretch",
                      "flex": 1,
                      "flexDirection": "row",
                      "flexGrow": 1,
                      "paddingLeft": 8,
                    }
                  }
                >
                  <View
                    accessible={true}
                    collapsable={false}
                    focusable={true}
                    hitSlop={
                      Object {
                        "bottom": 14,
                        "left": 14,
                        "right": 14,
                        "top": 14,
                      }
                    }
                    nativeID="animatedComponent"
                    onClick={[Function]}
                    onResponderGrant={[Function]}
                    onResponderMove={[Function]}
                    onResponderRelease={[Function]}
                    onResponderTerminate={[Function]}
                    onResponderTerminationRequest={[Function]}
                    onStartShouldSetResponder={[Function]}
                    style={
                      Object {
                        "flex": 1,
                        "opacity": 1,
                      }
                    }
                  >
                    <Text
                      numberOfLines={1}
                      style={
                        Array [
                          Object {
                            "color": "rgba(0, 0, 0, 0.4)",
                            "fontFamily": "System",
                            "fontSize": 16,
                            "fontWeight": "400",
                          },
                        ]
                      }
                    >
                      Brand
                    </Text>
                  </View>
                </View>
                <View
                  accessibilityRole="button"
                  accessibilityState={
                    Object {
                      "disabled": true,
                    }
                  }
                  accessible={true}
                  centered={true}
                  collapsable={false}
                  focusable={true}
                  hitSlop={
                    Object {
                      "bottom": 6,
                      "left": 6,
                      "right": 6,
                      "top": 6,
                    }
                  }
                  nativeID="animatedComponent"
                  onClick={[Function]}
                  onLayout={[Function]}
                  onResponderGrant={[Function]}
                  onResponderMove={[Function]}
                  onResponderRelease={[Function]}
                  onResponderTerminate={[Function]}
                  onResponderTerminationRequest={[Function]}
                  onStartShouldSetResponder={[Function]}
                  pointerEvents="box-only"
                  style={Object {}}
                >
                  <View
                    style={
                      Array [
                        Object {
                          "overflow": "hidden",
                        },
                        Array [
                          Object {
                            "alignItems": "center",
                            "justifyContent": "center",
                            "margin": 6,
                            "overflow": "hidden",
                          },
                          Object {
                            "borderRadius": 18,
                            "height": 36,
                            "width": 36,
                          },
                          Object {
                            "opacity": 0.32,
                          },
                          Object {
                            "margin": 0,
                          },
                        ],
                      ]
                    }
                  >
                    <View>
                      <Text
                        accessibilityElementsHidden={true}
                        allowFontScaling={false}
                        importantForAccessibility="no-hide-descendants"
                        pointerEvents="none"
                        style={
                          Array [
                            Object {
                              "color": "rgba(0, 0, 0, 0.4)",
                              "fontSize": 24,
                            },
                            Array [
                              Object {
                                "transform": Array [
                                  Object {
                                    "scaleX": 1,
                                  },
                                ],
                              },
                              Object {
                                "backgroundColor": "transparent",
                              },
                            ],
                            Object {
                              "fontFamily": "Material Design Icons",
                              "fontStyle": "normal",
                              "fontWeight": "normal",
                            },
                            Object {},
                          ]
                        }
                      >
                        
                      </Text>
                    </View>
                  </View>
                  <View
                    style={
                      Array [
                        Object {
                          "backgroundColor": "transparent",
                          "bottom": 0,
                          "left": 0,
                          "overflow": "hidden",
                          "position": "absolute",
                          "right": 0,
                          "top": 0,
                        },
                        Object {
                          "borderRadius": 0,
                        },
                      ]
                    }
                  />
                </View>
              </View>
            </View>
          </View>
        </View>
      </View>
    </View>
  </View>,
  <View
    style={
      Object {
        "alignItems": "center",
        "height": 400,
        "justifyContent": "center",
      }
    }
  >
    <Text>
      No data found
    </Text>
  </View>,
]
`;
