// Jest Snapshot v1, https://goo.gl/fbAQLP

exports[`Filter with data 1`] = `
<View
  style={
    Object {
      "width": 300,
    }
  }
  testID="filterWrapper"
>
  <View
    style={
      Array [
        Object {
          "width": "100%",
        },
        undefined,
      ]
    }
  >
    <View>
      <View
        collapsable={false}
      >
        <View
          onLayout={[Function]}
          style={
            Array [
              Object {
                "alignItems": "center",
                "flexDirection": "row",
              },
              Object {
                "backgroundColor": undefined,
                "borderColor": "#d9d9d9",
                "borderRadius": 4,
                "borderWidth": 1,
                "elevation": 0,
                "height": 40,
              },
              undefined,
            ]
          }
        >
          <View
            style={
              Object {
                "alignItems": "center",
                "alignSelf": "stretch",
                "flex": 1,
                "flexDirection": "row",
                "flexGrow": 1,
                "paddingLeft": 8,
              }
            }
          >
            <View
              accessible={true}
              collapsable={false}
              focusable={true}
              hitSlop={
                Object {
                  "bottom": 14,
                  "left": 14,
                  "right": 14,
                  "top": 14,
                }
              }
              nativeID="animatedComponent"
              onClick={[Function]}
              onResponderGrant={[Function]}
              onResponderMove={[Function]}
              onResponderRelease={[Function]}
              onResponderTerminate={[Function]}
              onResponderTerminationRequest={[Function]}
              onStartShouldSetResponder={[Function]}
              style={
                Object {
                  "flex": 1,
                  "opacity": 1,
                }
              }
            >
              <Text
                numberOfLines={1}
                style={
                  Array [
                    Object {
                      "color": "#000000",
                      "fontFamily": "System",
                      "fontSize": 16,
                      "fontWeight": "400",
                    },
                  ]
                }
              />
            </View>
          </View>
          <View
            accessibilityRole="button"
            accessibilityState={
              Object {
                "disabled": false,
              }
            }
            accessible={true}
            centered={true}
            collapsable={false}
            focusable={true}
            hitSlop={
              Object {
                "bottom": 6,
                "left": 6,
                "right": 6,
                "top": 6,
              }
            }
            nativeID="animatedComponent"
            onClick={[Function]}
            onLayout={[Function]}
            onResponderGrant={[Function]}
            onResponderMove={[Function]}
            onResponderRelease={[Function]}
            onResponderTerminate={[Function]}
            onResponderTerminationRequest={[Function]}
            onStartShouldSetResponder={[Function]}
            pointerEvents="box-only"
            style={Object {}}
          >
            <View
              style={
                Array [
                  Object {
                    "overflow": "hidden",
                  },
                  Array [
                    Object {
                      "alignItems": "center",
                      "justifyContent": "center",
                      "margin": 6,
                      "overflow": "hidden",
                    },
                    Object {
                      "borderRadius": 18,
                      "height": 36,
                      "width": 36,
                    },
                    false,
                    Object {
                      "margin": 0,
                    },
                  ],
                ]
              }
            >
              <View>
                <Text
                  accessibilityElementsHidden={true}
                  allowFontScaling={false}
                  importantForAccessibility="no-hide-descendants"
                  pointerEvents="none"
                  style={
                    Array [
                      Object {
                        "color": "#000000",
                        "fontSize": 24,
                      },
                      Array [
                        Object {
                          "transform": Array [
                            Object {
                              "scaleX": 1,
                            },
                          ],
                        },
                        Object {
                          "backgroundColor": "transparent",
                        },
                      ],
                      Object {
                        "fontFamily": "Material Design Icons",
                        "fontStyle": "normal",
                        "fontWeight": "normal",
                      },
                      Object {},
                    ]
                  }
                >
                  ï…€
                </Text>
              </View>
            </View>
            <View
              style={
                Array [
                  Object {
                    "backgroundColor": "transparent",
                    "bottom": 0,
                    "left": 0,
                    "overflow": "hidden",
                    "position": "absolute",
                    "right": 0,
                    "top": 0,
                  },
                  Object {
                    "borderRadius": 0,
                  },
                ]
              }
            />
          </View>
        </View>
      </View>
    </View>
  </View>
</View>
`;

exports[`Filter without data 1`] = `
<View
  style={
    Object {
      "width": 300,
    }
  }
  testID="filterWrapper"
>
  <View
    style={
      Array [
        Object {
          "width": "100%",
        },
        undefined,
      ]
    }
  >
    <View>
      <View
        collapsable={false}
      >
        <View
          onLayout={[Function]}
          style={
            Array [
              Object {
                "alignItems": "center",
                "flexDirection": "row",
              },
              Object {
                "backgroundColor": "rgba(246, 246, 246, 0.4)",
                "borderColor": "rgba(217, 217, 217, 0.4)",
                "borderRadius": 4,
                "borderWidth": 1,
                "elevation": 0,
                "height": 40,
              },
              undefined,
            ]
          }
        >
          <View
            style={
              Object {
                "alignItems": "center",
                "alignSelf": "stretch",
                "flex": 1,
                "flexDirection": "row",
                "flexGrow": 1,
                "paddingLeft": 8,
              }
            }
          >
            <View
              accessible={true}
              collapsable={false}
              focusable={true}
              hitSlop={
                Object {
                  "bottom": 14,
                  "left": 14,
                  "right": 14,
                  "top": 14,
                }
              }
              nativeID="animatedComponent"
              onClick={[Function]}
              onResponderGrant={[Function]}
              onResponderMove={[Function]}
              onResponderRelease={[Function]}
              onResponderTerminate={[Function]}
              onResponderTerminationRequest={[Function]}
              onStartShouldSetResponder={[Function]}
              style={
                Object {
                  "flex": 1,
                  "opacity": 1,
                }
              }
            >
              <Text
                numberOfLines={1}
                style={
                  Array [
                    Object {
                      "color": "rgba(0, 0, 0, 0.4)",
                      "fontFamily": "System",
                      "fontSize": 16,
                      "fontWeight": "400",
                    },
                  ]
                }
              >
                Brand
              </Text>
            </View>
          </View>
          <View
            accessibilityRole="button"
            accessibilityState={
              Object {
                "disabled": true,
              }
            }
            accessible={true}
            centered={true}
            collapsable={false}
            focusable={true}
            hitSlop={
              Object {
                "bottom": 6,
                "left": 6,
                "right": 6,
                "top": 6,
              }
            }
            nativeID="animatedComponent"
            onClick={[Function]}
            onLayout={[Function]}
            onResponderGrant={[Function]}
            onResponderMove={[Function]}
            onResponderRelease={[Function]}
            onResponderTerminate={[Function]}
            onResponderTerminationRequest={[Function]}
            onStartShouldSetResponder={[Function]}
            pointerEvents="box-only"
            style={Object {}}
          >
            <View
              style={
                Array [
                  Object {
                    "overflow": "hidden",
                  },
                  Array [
                    Object {
                      "alignItems": "center",
                      "justifyContent": "center",
                      "margin": 6,
                      "overflow": "hidden",
                    },
                    Object {
                      "borderRadius": 18,
                      "height": 36,
                      "width": 36,
                    },
                    Object {
                      "opacity": 0.32,
                    },
                    Object {
                      "margin": 0,
                    },
                  ],
                ]
              }
            >
              <View>
                <Text
                  accessibilityElementsHidden={true}
                  allowFontScaling={false}
                  importantForAccessibility="no-hide-descendants"
                  pointerEvents="none"
                  style={
                    Array [
                      Object {
                        "color": "rgba(0, 0, 0, 0.4)",
                        "fontSize": 24,
                      },
                      Array [
                        Object {
                          "transform": Array [
                            Object {
                              "scaleX": 1,
                            },
                          ],
                        },
                        Object {
                          "backgroundColor": "transparent",
                        },
                      ],
                      Object {
                        "fontFamily": "Material Design Icons",
                        "fontStyle": "normal",
                        "fontWeight": "normal",
                      },
                      Object {},
                    ]
                  }
                >
                  ï…€
                </Text>
              </View>
            </View>
            <View
              style={
                Array [
                  Object {
                    "backgroundColor": "transparent",
                    "bottom": 0,
                    "left": 0,
                    "overflow": "hidden",
                    "position": "absolute",
                    "right": 0,
                    "top": 0,
                  },
                  Object {
                    "borderRadius": 0,
                  },
                ]
              }
            />
          </View>
        </View>
      </View>
    </View>
  </View>
</View>
`;
