// Jest Snapshot v1, https://goo.gl/fbAQLP

exports[`InventoryAuditor should render properly 1`] = `
<View
  collapsable={false}
  style={
    Object {
      "flex": 1,
    }
  }
>
  <View
    collapsable={false}
  >
    <View>
      <View
        onLayout={[Function]}
        style={
          Array [
            Object {
              "width": 176,
            },
            Array [
              Object {
                "width": "100%",
              },
              undefined,
              Array [
                Object {
                  "width": 180,
                },
                undefined,
              ],
            ],
            Object {
              "opacity": 1,
            },
            Object {
              "elevation": 10,
              "shadowColor": "#000000",
              "shadowOffset": Object {
                "height": 5,
                "width": 0,
              },
              "shadowOpacity": 0.34,
              "shadowRadius": 6.27,
            },
          ]
        }
      >
        <View
          style={
            Array [
              Object {
                "borderColor": "#D9D9D9",
                "borderRadius": 4,
                "borderWidth": 1,
              },
              Object {
                "width": 180,
              },
            ]
          }
        >
          <View
            style={
              Object {
                "alignItems": "center",
                "flexDirection": "row",
                "height": 40,
                "minHeight": 40,
                "overflow": "hidden",
                "paddingBottom": 0,
                "paddingTop": 0,
              }
            }
          >
            <View
              accessible={true}
              focusable={false}
              isTVSelectable={true}
              onClick={[Function]}
              onResponderGrant={[Function]}
              onResponderMove={[Function]}
              onResponderRelease={[Function]}
              onResponderTerminate={[Function]}
              onResponderTerminationRequest={[Function]}
              onStartShouldSetResponder={[Function]}
              style={
                Object {
                  "left": 10,
                  "opacity": 1,
                  "position": "absolute",
                  "right": "auto",
                  "top": "50%",
                  "transform": Array [
                    Object {
                      "translateY": -12.5,
                    },
                  ],
                  "zIndex": 5,
                }
              }
            >
              <Text
                accessibilityElementsHidden={true}
                allowFontScaling={false}
                importantForAccessibility="no-hide-descendants"
                pointerEvents="none"
                style={
                  Array [
                    Object {
                      "color": "#999",
                      "fontSize": 25,
                    },
                    Array [
                      Object {
                        "transform": Array [
                          Object {
                            "scaleX": 1,
                          },
                        ],
                      },
                      Object {
                        "backgroundColor": "transparent",
                      },
                    ],
                    Object {
                      "fontFamily": "Material Design Icons",
                      "fontStyle": "normal",
                      "fontWeight": "normal",
                    },
                    Object {},
                  ]
                }
              >
                Ôçâ
              </Text>
            </View>
            <TextInput
              allowFontScaling={true}
              editable={true}
              maxResizableWidth={750}
              minHeight={60}
              minWidth={0}
              onBlur={[Function]}
              onChangeText={[Function]}
              onFocus={[Function]}
              paddingLeft={40}
              paddingRight={8}
              placeholder="Search"
              placeholderTextColor="rgba(0, 0, 0, 0.54)"
              rejectResponderTermination={true}
              selectionColor="#0768FD"
              style={
                Array [
                  Object {
                    "margin": 0,
                    "textAlign": "left",
                    "zIndex": 5,
                  },
                  Object {
                    "color": "#000000",
                    "fontFamily": "System",
                    "fontSize": 16,
                    "fontWeight": undefined,
                    "height": 40,
                    "minHeight": 0,
                    "paddingLeft": 40,
                    "paddingRight": 8,
                    "paddingVertical": 5,
                    "textAlignVertical": "center",
                    "width": "100%",
                  },
                ]
              }
              underlineColorAndroid="transparent"
              value=""
            />
          </View>
        </View>
      </View>
      <View
        style={
          Object {
            "alignContent": "center",
            "backgroundColor": "rgba(255,255,255,0.7)",
            "flexDirection": "row",
            "height": "100%",
            "justifyContent": "center",
            "position": "absolute",
            "width": "100%",
            "zIndex": 100,
          }
        }
      >
        <View
          style={
            Array [
              Object {
                "alignItems": "center",
                "justifyContent": "center",
              },
              undefined,
            ]
          }
        >
          <View
            style={
              Object {
                "height": 24,
                "opacity": 1,
                "width": 24,
              }
            }
          >
            <View
              style={
                Object {
                  "alignItems": "center",
                  "bottom": 0,
                  "justifyContent": "center",
                  "left": 0,
                  "position": "absolute",
                  "right": 0,
                  "top": 0,
                }
              }
            >
              <View
                style={
                  Object {
                    "height": 24,
                    "transform": Array [
                      Object {
                        "rotate": "765deg",
                      },
                    ],
                    "width": 24,
                  }
                }
              >
                <View
                  collapsable={false}
                  style={
                    Object {
                      "height": 12,
                      "overflow": "hidden",
                      "width": 24,
                    }
                  }
                >
                  <View
                    style={
                      Object {
                        "height": 24,
                        "transform": Array [
                          Object {
                            "translateY": 0,
                          },
                          Object {
                            "rotate": "-165deg",
                          },
                        ],
                        "width": 24,
                      }
                    }
                  >
                    <View
                      collapsable={false}
                      style={
                        Object {
                          "height": 12,
                          "overflow": "hidden",
                          "width": 24,
                        }
                      }
                    >
                      <View
                        style={
                          Object {
                            "borderColor": "#015ff1",
                            "borderRadius": 12,
                            "borderWidth": 2.4,
                            "height": 24,
                            "width": 24,
                          }
                        }
                      />
                    </View>
                  </View>
                </View>
              </View>
            </View>
            <View
              style={
                Object {
                  "alignItems": "center",
                  "bottom": 0,
                  "justifyContent": "center",
                  "left": 0,
                  "position": "absolute",
                  "right": 0,
                  "top": 0,
                }
              }
            >
              <View
                style={
                  Object {
                    "height": 24,
                    "transform": Array [
                      Object {
                        "rotate": "765deg",
                      },
                    ],
                    "width": 24,
                  }
                }
              >
                <View
                  collapsable={false}
                  style={
                    Object {
                      "height": 12,
                      "overflow": "hidden",
                      "top": 12,
                      "width": 24,
                    }
                  }
                >
                  <View
                    style={
                      Object {
                        "height": 24,
                        "transform": Array [
                          Object {
                            "translateY": -12,
                          },
                          Object {
                            "rotate": "345deg",
                          },
                        ],
                        "width": 24,
                      }
                    }
                  >
                    <View
                      collapsable={false}
                      style={
                        Object {
                          "height": 12,
                          "overflow": "hidden",
                          "width": 24,
                        }
                      }
                    >
                      <View
                        style={
                          Object {
                            "borderColor": "#015ff1",
                            "borderRadius": 12,
                            "borderWidth": 2.4,
                            "height": 24,
                            "width": 24,
                          }
                        }
                      />
                    </View>
                  </View>
                </View>
              </View>
            </View>
          </View>
        </View>
      </View>
    </View>
  </View>
</View>
`;

exports[`InventoryAuditor should render readonly component 1`] = `
<View
  collapsable={false}
  style={
    Object {
      "flex": 1,
    }
  }
>
  <Text
    style={
      Array [
        Object {
          "color": "#000000",
          "fontFamily": "System",
          "fontWeight": "400",
          "textAlign": "left",
          "writingDirection": "ltr",
        },
        Array [
          Object {
            "color": "rgba(0, 0, 0, 0.87)",
            "fontFamily": "System",
            "fontWeight": "400",
            "textAlign": "left",
            "writingDirection": "ltr",
          },
          Array [
            Object {
              "fontSize": 14,
              "letterSpacing": 0.25,
              "lineHeight": 20,
              "marginVertical": 2,
            },
            Object {
              "fontSize": 16,
            },
          ],
          Array [
            Object {
              "fontSize": 14,
              "letterSpacing": 0.25,
              "lineHeight": 20,
              "marginVertical": 2,
            },
            Object {
              "fontSize": 16,
            },
          ],
        ],
      ]
    }
  >
    
  </Text>
</View>
`;
