// Jest Snapshot v1, https://goo.gl/fbAQLP

exports[`ManageLots Should render without error 1`] = `
<View
  style={
    Object {
      "flex": 1,
    }
  }
>
  <View
    style={
      Object {
        "backgroundColor": "#ffffff",
        "elevation": 1,
        "shadowColor": "#000000",
        "shadowOffset": Object {
          "height": 0.5,
          "width": 0,
        },
        "shadowOpacity": 0.24,
        "shadowRadius": 0.75,
        "zIndex": 99,
      }
    }
  >
    <View
      style={
        Array [
          Object {
            "alignSelf": "center",
            "overflow": "hidden",
            "width": "100%",
          },
          undefined,
        ]
      }
    >
      <View
        style={
          Object {
            "height": 0,
          }
        }
      />
      <View
        onLayout={[Function]}
        style={
          Object {
            "opacity": 0,
            "position": "absolute",
            "top": 0,
            "transform": Array [
              Object {
                "translateY": -0,
              },
            ],
            "width": "100%",
          }
        }
      >
        <View
          style={
            Object {
              "flex": 1,
              "flexDirection": "row",
              "justifyContent": "center",
              "marginBottom": 0,
              "marginLeft": 16,
              "marginRight": 56,
              "marginTop": 8,
            }
          }
        >
          <View>
            <Text
              style={
                Array [
                  Object {
                    "color": "#000000",
                    "fontFamily": "System",
                    "fontWeight": "400",
                    "textAlign": "left",
                    "writingDirection": "ltr",
                  },
                  Array [
                    Object {
                      "flex": 1,
                      "fontSize": 14,
                      "fontWeight": "bold",
                      "margin": 8,
                    },
                    Object {
                      "color": "#000000",
                    },
                  ],
                ]
              }
            >
              
            </Text>
          </View>
        </View>
        <View
          style={
            Object {
              "flexDirection": "row",
              "justifyContent": "flex-end",
              "margin": 4,
            }
          }
        />
      </View>
    </View>
  </View>
  <View
    style={
      Object {
        "alignItems": "center",
        "backgroundColor": "#F6F6F6",
        "borderColor": "#DADADA",
        "borderWidth": 1,
        "flexDirection": "row",
        "padding": 12,
      }
    }
  >
    <View
      style={
        Array [
          Object {
            "alignItems": "center",
            "borderRadius": 3,
            "height": 35,
            "marginRight": 10,
            "width": 35,
          },
          Object {
            "backgroundColor": "#AEAEAE",
          },
        ]
      }
    >
      <Text
        allowFontScaling={false}
        style={
          Array [
            Object {
              "color": "#fff",
              "fontSize": 32,
            },
            undefined,
            Object {
              "fontFamily": "Material Design Icons",
              "fontStyle": "normal",
              "fontWeight": "normal",
            },
            Object {},
          ]
        }
      >
        ï€„
      </Text>
    </View>
    <View
      style={
        Object {
          "flexGrow": 1,
        }
      }
    >
      <Text
        style={
          Object {
            "fontSize": 17,
            "fontWeight": "bold",
          }
        }
      >
        Manage Lots
      </Text>
    </View>
    <View />
    <View
      style={
        Object {
          "alignItems": "center",
          "flexDirection": "row",
          "paddingTop": 4,
        }
      }
    >
      <View
        style={
          Object {
            "backgroundColor": "#ffffff",
            "borderColor": "#d9d9d9",
            "borderRadius": 4,
            "borderStyle": "solid",
            "borderWidth": 1,
            "elevation": 0,
            "marginLeft": 7,
            "minWidth": 64,
            "opacity": 1,
            "width": "auto",
          }
        }
      >
        <View
          accessibilityComponentType="button"
          accessibilityRole="button"
          accessibilityStates={Array []}
          accessibilityTraits="button"
          accessible={true}
          focusable={true}
          onClick={[Function]}
          onLayout={[Function]}
          onPressIn={[Function]}
          onPressOut={[Function]}
          onResponderGrant={[Function]}
          onResponderMove={[Function]}
          onResponderRelease={[Function]}
          onResponderTerminate={[Function]}
          onResponderTerminationRequest={[Function]}
          onStartShouldSetResponder={[Function]}
          pointerEvents="box-only"
        >
          <View
            style={
              Array [
                Object {
                  "overflow": "hidden",
                },
                Array [
                  Object {
                    "borderRadius": 4,
                  },
                  undefined,
                ],
              ]
            }
          >
            <View
              style={
                Array [
                  Object {
                    "alignItems": "center",
                    "flexDirection": "row",
                    "justifyContent": "center",
                  },
                  undefined,
                ]
              }
            >
              <Text
                numberOfLines={1}
                style={
                  Array [
                    Object {
                      "color": "#000000",
                      "fontFamily": "System",
                      "fontWeight": "400",
                      "textAlign": "left",
                      "writingDirection": "ltr",
                    },
                    Array [
                      Object {
                        "letterSpacing": 1,
                        "textAlign": "center",
                      },
                      undefined,
                      false,
                      Object {
                        "color": "#0768FD",
                        "fontFamily": "System",
                        "fontSize": 14,
                        "fontWeight": "500",
                        "marginHorizontal": 16,
                        "marginVertical": 6,
                      },
                      Object {
                        "fontFamily": "System",
                        "fontWeight": "500",
                      },
                      undefined,
                    ],
                  ]
                }
              >
                Back
              </Text>
            </View>
          </View>
          <View
            style={
              Array [
                Object {
                  "backgroundColor": "transparent",
                  "bottom": 0,
                  "left": 0,
                  "overflow": "hidden",
                  "position": "absolute",
                  "right": 0,
                  "top": 0,
                },
                Object {
                  "borderRadius": 0,
                },
              ]
            }
          />
        </View>
      </View>
      <View
        style={
          Object {
            "backgroundColor": "#0768FD",
            "borderRadius": 4,
            "borderStyle": "solid",
            "elevation": 2,
            "marginLeft": 7,
            "minWidth": 64,
            "opacity": 1,
            "shadowColor": "#000000",
            "shadowOffset": Object {
              "height": 0.75,
              "width": 0,
            },
            "shadowOpacity": 0.24,
            "shadowRadius": 1.5,
            "width": "auto",
          }
        }
      >
        <View
          accessibilityComponentType="button"
          accessibilityRole="button"
          accessibilityStates={Array []}
          accessibilityTraits="button"
          accessible={true}
          focusable={true}
          onClick={[Function]}
          onLayout={[Function]}
          onPressIn={[Function]}
          onPressOut={[Function]}
          onResponderGrant={[Function]}
          onResponderMove={[Function]}
          onResponderRelease={[Function]}
          onResponderTerminate={[Function]}
          onResponderTerminationRequest={[Function]}
          onStartShouldSetResponder={[Function]}
          pointerEvents="box-only"
        >
          <View
            style={
              Array [
                Object {
                  "overflow": "hidden",
                },
                Array [
                  Object {
                    "borderRadius": 4,
                  },
                  undefined,
                ],
              ]
            }
          >
            <View
              style={
                Array [
                  Object {
                    "alignItems": "center",
                    "flexDirection": "row",
                    "justifyContent": "center",
                  },
                  undefined,
                ]
              }
            >
              <Text
                numberOfLines={1}
                style={
                  Array [
                    Object {
                      "color": "#000000",
                      "fontFamily": "System",
                      "fontWeight": "400",
                      "textAlign": "left",
                      "writingDirection": "ltr",
                    },
                    Array [
                      Object {
                        "letterSpacing": 1,
                        "textAlign": "center",
                      },
                      undefined,
                      false,
                      Object {
                        "color": "#ffffff",
                        "fontFamily": "System",
                        "fontSize": 14,
                        "fontWeight": "500",
                        "marginHorizontal": 16,
                        "marginVertical": 6,
                      },
                      Object {
                        "fontFamily": "System",
                        "fontWeight": "500",
                      },
                      undefined,
                    ],
                  ]
                }
              >
                Hide Inactive Lots
              </Text>
            </View>
          </View>
          <View
            style={
              Array [
                Object {
                  "backgroundColor": "transparent",
                  "bottom": 0,
                  "left": 0,
                  "overflow": "hidden",
                  "position": "absolute",
                  "right": 0,
                  "top": 0,
                },
                Object {
                  "borderRadius": 0,
                },
              ]
            }
          />
        </View>
      </View>
    </View>
  </View>
  <RCTScrollView
    ItemSeparatorComponent={[Function]}
    data={
      Array [
        Object {
          "createdDate": "2019-06-22T22:05:40.000+0000",
          "expirationDate": null,
          "id": "a2Af400000ZgLGKEA3",
          "isActive": true,
          "lastModified": "2020-07-21T11:51:38.000+0000",
          "lot": Object {
            "name": "L-0001",
            "product": Object {
              "name": "OKSF-2834_1",
            },
            "productId": "a22f4000000kaTyAAI",
          },
          "lotId": "a1Yf4000000kxHbEAI",
          "name": "LA-000778",
        },
        Object {
          "createdDate": "2019-06-22T22:05:40.000+0000",
          "expirationDate": null,
          "id": "a2Af400000ZgLGKEA2",
          "isActive": true,
          "lastModified": "2020-07-21T11:51:38.000+0000",
          "lot": Object {
            "name": "L-0003",
            "product": Object {
              "name": "OKSF-23434_2",
            },
            "productId": "a22f4000000kaTyAAI",
          },
          "lotId": "a1Yf4000000kxHbEAI",
          "name": "LA-000778",
        },
      ]
    }
    disableVirtualization={false}
    getItem={[Function]}
    getItemCount={[Function]}
    horizontal={false}
    initialNumToRender={10}
    keyExtractor={[Function]}
    maxToRenderPerBatch={10}
    numColumns={1}
    onContentSizeChange={[Function]}
    onEndReached={[Function]}
    onEndReachedThreshold={0.5}
    onLayout={[Function]}
    onMomentumScrollEnd={[Function]}
    onRefresh={[Function]}
    onScroll={[Function]}
    onScrollBeginDrag={[Function]}
    onScrollEndDrag={[Function]}
    refreshControl={
      <RefreshControlMock
        onRefresh={[Function]}
        refreshing={false}
      />
    }
    refreshing={false}
    removeClippedSubviews={false}
    renderItem={[Function]}
    scrollEventThrottle={50}
    stickyHeaderIndices={Array []}
    style={
      Object {
        "paddingHorizontal": 10,
      }
    }
    updateCellsBatchingPeriod={50}
    viewabilityConfigCallbackPairs={Array []}
    windowSize={21}
  >
    <RCTRefreshControl />
    <View>
      <View
        onLayout={[Function]}
        style={null}
      >
        <View
          style={
            Array [
              Object {
                "flexDirection": "row",
                "justifyContent": "space-between",
                "marginBottom": 10,
                "width": "100%",
              },
              Object {
                "marginBottom": 0,
                "paddingBottom": 5,
                "paddingTop": 10,
              },
            ]
          }
        >
          <View
            style={
              Array [
                Object {
                  "alignItems": "center",
                  "borderRadius": 3,
                  "height": 32,
                  "justifyContent": "center",
                  "marginRight": 10,
                  "paddingTop": 2,
                  "width": 32,
                },
                Object {
                  "backgroundColor": "#f2cf5b",
                },
              ]
            }
          >
            <Text
              allowFontScaling={false}
              style={
                Array [
                  Object {
                    "color": "#fff",
                    "fontSize": 28,
                  },
                  undefined,
                  Object {
                    "fontFamily": "Material Design Icons",
                    "fontStyle": "normal",
                    "fontWeight": "normal",
                  },
                  Object {},
                ]
              }
            >
              ïƒ–
            </Text>
          </View>
          <View
            style={
              Object {
                "flex": 1,
              }
            }
          >
            <View>
              <View
                accessible={true}
                focusable={true}
                isTVSelectable={true}
                onClick={[Function]}
                onResponderGrant={[Function]}
                onResponderMove={[Function]}
                onResponderRelease={[Function]}
                onResponderTerminate={[Function]}
                onResponderTerminationRequest={[Function]}
                onStartShouldSetResponder={[Function]}
                style={
                  Object {
                    "opacity": 1,
                  }
                }
              >
                <Text
                  style={
                    Object {
                      "color": "#0070d2",
                      "fontSize": 13,
                    }
                  }
                >
                  OKSF-2834_1
                </Text>
              </View>
            </View>
            <View
              style={
                Object {
                  "flexDirection": "row",
                  "flexGrow": 1,
                  "marginTop": 5,
                }
              }
            >
              <View
                style={
                  Object {
                    "flexDirection": "row",
                    "width": "50%",
                  }
                }
              >
                <Text
                  style={
                    Array [
                      Object {
                        "color": "#080707",
                        "fontSize": 12,
                      },
                      Object {
                        "color": "#3e3e3c",
                      },
                    ]
                  }
                >
                  Expiration:
                   
                </Text>
                <Text
                  style={
                    Array [
                      Object {
                        "color": "#080707",
                        "fontSize": 12,
                      },
                      Object {
                        "color": "#080707",
                        "fontSize": 12,
                      },
                    ]
                  }
                >
                  
                </Text>
              </View>
              <View
                style={
                  Object {
                    "flexDirection": "row",
                    "width": "50%",
                  }
                }
              >
                <Text
                  style={
                    Array [
                      Object {
                        "color": "#080707",
                        "fontSize": 12,
                      },
                      Object {
                        "color": "#3e3e3c",
                      },
                    ]
                  }
                >
                  Lot #:
                </Text>
                <View
                  accessible={true}
                  focusable={true}
                  isTVSelectable={true}
                  onClick={[Function]}
                  onResponderGrant={[Function]}
                  onResponderMove={[Function]}
                  onResponderRelease={[Function]}
                  onResponderTerminate={[Function]}
                  onResponderTerminationRequest={[Function]}
                  onStartShouldSetResponder={[Function]}
                  style={
                    Object {
                      "opacity": 1,
                    }
                  }
                >
                  <Text
                    style={
                      Array [
                        Object {
                          "color": "#080707",
                          "fontSize": 12,
                        },
                        Object {
                          "color": "#0070d2",
                        },
                      ]
                    }
                  >
                    L-0001
                  </Text>
                </View>
              </View>
            </View>
          </View>
          <View>
            <View
              style={
                Array [
                  null,
                  undefined,
                ]
              }
            >
              <RCTSwitch
                accessibilityRole="button"
                onChange={[Function]}
                onResponderTerminationRequest={[Function]}
                onStartShouldSetResponder={[Function]}
                onTintColor="#00c221"
                style={
                  Array [
                    Object {
                      "height": 31,
                      "width": 51,
                    },
                    Array [
                      Object {
                        "transform": Array [
                          Object {
                            "scale": 1,
                          },
                        ],
                      },
                      Object {
                        "backgroundColor": "",
                        "borderRadius": 16,
                      },
                    ],
                  ]
                }
                thumbTintColor="#ffffff"
                tintColor=""
                value={true}
              />
            </View>
          </View>
        </View>
        <View
          style={
            Object {
              "borderBottomColor": "#dddbda",
              "borderBottomWidth": 1,
            }
          }
        />
      </View>
      <View
        onLayout={[Function]}
        style={null}
      >
        <View
          style={
            Array [
              Object {
                "flexDirection": "row",
                "justifyContent": "space-between",
                "marginBottom": 10,
                "width": "100%",
              },
              Object {
                "marginBottom": 0,
                "paddingBottom": 5,
                "paddingTop": 10,
              },
            ]
          }
        >
          <View
            style={
              Array [
                Object {
                  "alignItems": "center",
                  "borderRadius": 3,
                  "height": 32,
                  "justifyContent": "center",
                  "marginRight": 10,
                  "paddingTop": 2,
                  "width": 32,
                },
                Object {
                  "backgroundColor": "#f2cf5b",
                },
              ]
            }
          >
            <Text
              allowFontScaling={false}
              style={
                Array [
                  Object {
                    "color": "#fff",
                    "fontSize": 28,
                  },
                  undefined,
                  Object {
                    "fontFamily": "Material Design Icons",
                    "fontStyle": "normal",
                    "fontWeight": "normal",
                  },
                  Object {},
                ]
              }
            >
              ïƒ–
            </Text>
          </View>
          <View
            style={
              Object {
                "flex": 1,
              }
            }
          >
            <View>
              <View
                accessible={true}
                focusable={true}
                isTVSelectable={true}
                onClick={[Function]}
                onResponderGrant={[Function]}
                onResponderMove={[Function]}
                onResponderRelease={[Function]}
                onResponderTerminate={[Function]}
                onResponderTerminationRequest={[Function]}
                onStartShouldSetResponder={[Function]}
                style={
                  Object {
                    "opacity": 1,
                  }
                }
              >
                <Text
                  style={
                    Object {
                      "color": "#0070d2",
                      "fontSize": 13,
                    }
                  }
                >
                  OKSF-23434_2
                </Text>
              </View>
            </View>
            <View
              style={
                Object {
                  "flexDirection": "row",
                  "flexGrow": 1,
                  "marginTop": 5,
                }
              }
            >
              <View
                style={
                  Object {
                    "flexDirection": "row",
                    "width": "50%",
                  }
                }
              >
                <Text
                  style={
                    Array [
                      Object {
                        "color": "#080707",
                        "fontSize": 12,
                      },
                      Object {
                        "color": "#3e3e3c",
                      },
                    ]
                  }
                >
                  Expiration:
                   
                </Text>
                <Text
                  style={
                    Array [
                      Object {
                        "color": "#080707",
                        "fontSize": 12,
                      },
                      Object {
                        "color": "#080707",
                        "fontSize": 12,
                      },
                    ]
                  }
                >
                  
                </Text>
              </View>
              <View
                style={
                  Object {
                    "flexDirection": "row",
                    "width": "50%",
                  }
                }
              >
                <Text
                  style={
                    Array [
                      Object {
                        "color": "#080707",
                        "fontSize": 12,
                      },
                      Object {
                        "color": "#3e3e3c",
                      },
                    ]
                  }
                >
                  Lot #:
                </Text>
                <View
                  accessible={true}
                  focusable={true}
                  isTVSelectable={true}
                  onClick={[Function]}
                  onResponderGrant={[Function]}
                  onResponderMove={[Function]}
                  onResponderRelease={[Function]}
                  onResponderTerminate={[Function]}
                  onResponderTerminationRequest={[Function]}
                  onStartShouldSetResponder={[Function]}
                  style={
                    Object {
                      "opacity": 1,
                    }
                  }
                >
                  <Text
                    style={
                      Array [
                        Object {
                          "color": "#080707",
                          "fontSize": 12,
                        },
                        Object {
                          "color": "#0070d2",
                        },
                      ]
                    }
                  >
                    L-0003
                  </Text>
                </View>
              </View>
            </View>
          </View>
          <View>
            <View
              style={
                Array [
                  null,
                  undefined,
                ]
              }
            >
              <RCTSwitch
                accessibilityRole="button"
                onChange={[Function]}
                onResponderTerminationRequest={[Function]}
                onStartShouldSetResponder={[Function]}
                onTintColor="#00c221"
                style={
                  Array [
                    Object {
                      "height": 31,
                      "width": 51,
                    },
                    Array [
                      Object {
                        "transform": Array [
                          Object {
                            "scale": 1,
                          },
                        ],
                      },
                      Object {
                        "backgroundColor": "",
                        "borderRadius": 16,
                      },
                    ],
                  ]
                }
                thumbTintColor="#ffffff"
                tintColor=""
                value={true}
              />
            </View>
          </View>
        </View>
      </View>
      <View
        style={
          Object {
            "height": 0,
          }
        }
      />
    </View>
  </RCTScrollView>
</View>
`;

exports[`ManageLots error Should render with error 1`] = `
<View>
  <Text>
    Invalid attempt to destructure non-iterable instance.
In order to be iterable, non-array objects must have a [Symbol.iterator]() method.
  </Text>
</View>
`;
