// Jest Snapshot v1, https://goo.gl/fbAQLP

exports[`Widget Header Header Component should render properly 1`] = `
<View
  style={
    Object {
      "alignItems": "center",
      "borderBottomWidth": 1,
      "borderColor": "#C0C0C0",
      "flexDirection": "row",
      "justifyContent": "space-between",
      "paddingHorizontal": 20,
      "paddingVertical": 10,
    }
  }
>
  <View
    accessibilityComponentType="button"
    accessibilityRole="button"
    accessibilityStates={Array []}
    accessibilityTraits="button"
    accessible={true}
    centered={true}
    focusable={true}
    hitSlop={
      Object {
        "bottom": 6,
        "left": 6,
        "right": 6,
        "top": 6,
      }
    }
    onClick={[Function]}
    onLayout={[Function]}
    onResponderGrant={[Function]}
    onResponderMove={[Function]}
    onResponderRelease={[Function]}
    onResponderTerminate={[Function]}
    onResponderTerminationRequest={[Function]}
    onStartShouldSetResponder={[Function]}
    pointerEvents="box-only"
    style={Object {}}
  >
    <View
      style={
        Array [
          Object {
            "overflow": "hidden",
          },
          Array [
            Object {
              "alignItems": "center",
              "justifyContent": "center",
              "margin": 6,
              "overflow": "hidden",
            },
            Object {
              "borderRadius": 18,
              "height": 36,
              "width": 36,
            },
            undefined,
            undefined,
          ],
        ]
      }
    >
      <View>
        <Text
          accessibilityElementsHidden={true}
          allowFontScaling={false}
          importantForAccessibility="no-hide-descendants"
          pointerEvents="none"
          style={
            Array [
              Object {
                "color": "#015FF1",
                "fontSize": 24,
              },
              Array [
                Object {
                  "transform": Array [
                    Object {
                      "scaleX": 1,
                    },
                  ],
                },
                Object {
                  "backgroundColor": "transparent",
                },
              ],
              Object {
                "fontFamily": "Material Design Icons",
                "fontStyle": "normal",
                "fontWeight": "normal",
              },
              Object {},
            ]
          }
        >
          
        </Text>
      </View>
    </View>
    <View
      style={
        Array [
          Object {
            "backgroundColor": "transparent",
            "bottom": 0,
            "left": 0,
            "overflow": "hidden",
            "position": "absolute",
            "right": 0,
            "top": 0,
          },
          Object {
            "borderRadius": 0,
          },
        ]
      }
    />
  </View>
  <Text
    style={
      Array [
        Object {
          "color": "#000000",
          "fontFamily": "System",
          "fontWeight": "400",
          "textAlign": "left",
          "writingDirection": "ltr",
        },
        Array [
          Object {
            "color": "rgba(0, 0, 0, 0.87)",
            "fontFamily": "System",
            "fontWeight": "500",
            "textAlign": "left",
            "writingDirection": "ltr",
          },
          Array [
            Object {
              "fontSize": 20,
              "letterSpacing": 0.15,
              "lineHeight": 30,
              "marginVertical": 2,
            },
            Object {
              "fontSize": 16,
            },
          ],
          Array [
            Object {
              "fontSize": 20,
              "letterSpacing": 0.15,
              "lineHeight": 30,
              "marginVertical": 2,
            },
            Object {
              "fontSize": 16,
            },
          ],
        ],
      ]
    }
  >
     
    
  </Text>
  <View>
    <View
      accessibilityComponentType="button"
      accessibilityRole="button"
      accessibilityStates={Array []}
      accessibilityTraits="button"
      accessible={true}
      centered={true}
      focusable={true}
      hitSlop={
        Object {
          "bottom": 6,
          "left": 6,
          "right": 6,
          "top": 6,
        }
      }
      onClick={[Function]}
      onLayout={[Function]}
      onResponderGrant={[Function]}
      onResponderMove={[Function]}
      onResponderRelease={[Function]}
      onResponderTerminate={[Function]}
      onResponderTerminationRequest={[Function]}
      onStartShouldSetResponder={[Function]}
      pointerEvents="box-only"
      style={Object {}}
    >
      <View
        style={
          Array [
            Object {
              "overflow": "hidden",
            },
            Array [
              Object {
                "alignItems": "center",
                "justifyContent": "center",
                "margin": 6,
                "overflow": "hidden",
              },
              Object {
                "borderRadius": 18,
                "height": 36,
                "width": 36,
              },
              undefined,
              undefined,
            ],
          ]
        }
      >
        <View>
          <Text
            accessibilityElementsHidden={true}
            allowFontScaling={false}
            importantForAccessibility="no-hide-descendants"
            pointerEvents="none"
            style={
              Array [
                Object {
                  "color": "#015FF1",
                  "fontSize": 24,
                },
                Array [
                  Object {
                    "transform": Array [
                      Object {
                        "scaleX": 1,
                      },
                    ],
                  },
                  Object {
                    "backgroundColor": "transparent",
                  },
                ],
                Object {
                  "fontFamily": "Material Design Icons",
                  "fontStyle": "normal",
                  "fontWeight": "normal",
                },
                Object {},
              ]
            }
          >
            
          </Text>
        </View>
      </View>
      <View
        style={
          Array [
            Object {
              "backgroundColor": "transparent",
              "bottom": 0,
              "left": 0,
              "overflow": "hidden",
              "position": "absolute",
              "right": 0,
              "top": 0,
            },
            Object {
              "borderRadius": 0,
            },
          ]
        }
      />
    </View>
  </View>
</View>
`;
