// Jest Snapshot v1, https://goo.gl/fbAQLP

exports[`PanelHeader should render properly 1`] = `
<View
  style={
    Array [
      Object {
        "borderBottomColor": "#DADADA",
        "borderBottomWidth": 1,
        "flexDirection": "row",
        "padding": 15,
      },
      Object {
        "backgroundColor": "#ffffff",
      },
    ]
  }
>
  <View
    style={
      Object {
        "marginRight": 20,
      }
    }
  >
    <Text
      style={
        Array [
          Object {
            "color": "#000000",
            "fontFamily": "System",
            "fontWeight": "400",
            "textAlign": "left",
            "writingDirection": "ltr",
          },
          Array [
            Object {
              "marginBottom": 5,
            },
            Object {
              "color": "#595959",
            },
          ],
        ]
      }
    >
      Transaction Date Time
    </Text>
    <Text
      style={
        Array [
          Object {
            "color": "#000000",
            "fontFamily": "System",
            "fontWeight": "400",
            "textAlign": "left",
            "writingDirection": "ltr",
          },
          Array [
            Object {
              "color": "rgba(0, 0, 0, 0.87)",
              "fontFamily": "System",
              "fontWeight": "400",
              "textAlign": "left",
              "writingDirection": "ltr",
            },
            Array [
              Object {
                "fontSize": 14,
                "letterSpacing": 0.25,
                "lineHeight": 20,
                "marginVertical": 2,
              },
              Object {
                "fontSize": 16,
              },
            ],
            Array [
              Object {
                "fontSize": 14,
                "letterSpacing": 0.25,
                "lineHeight": 20,
                "marginVertical": 2,
              },
              Object {
                "fontSize": 16,
              },
            ],
          ],
        ]
      }
    >
      May 3, 2020 06:19 pm
    </Text>
  </View>
  <View
    style={
      Object {
        "marginRight": 20,
      }
    }
  >
    <Text
      style={
        Array [
          Object {
            "color": "#000000",
            "fontFamily": "System",
            "fontWeight": "400",
            "textAlign": "left",
            "writingDirection": "ltr",
          },
          Array [
            Object {
              "marginBottom": 5,
            },
            Object {
              "color": "#595959",
            },
          ],
        ]
      }
    >
      Status
    </Text>
    <View
      style={
        Array [
          Object {
            "alignSelf": "flex-start",
            "borderRadius": 10,
            "flexDirection": "row",
            "paddingHorizontal": 6,
            "paddingVertical": 2,
          },
          Object {
            "borderRadius": 15,
            "fontSize": 16,
            "paddingHorizontal": 8,
            "paddingVertical": 6,
          },
          Object {
            "backgroundColor": "#ffb75d",
            "marginRight": 5,
          },
        ]
      }
    >
      <Text
        style={
          Array [
            Object {
              "color": "white",
              "fontSize": 12,
              "fontWeight": "700",
            },
            Object {
              "color": "white",
            },
          ]
        }
      >
        In Progress
      </Text>
    </View>
  </View>
  <View
    style={
      Object {
        "marginRight": 20,
      }
    }
  >
    <Text
      style={
        Array [
          Object {
            "color": "#000000",
            "fontFamily": "System",
            "fontWeight": "400",
            "textAlign": "left",
            "writingDirection": "ltr",
          },
          Array [
            Object {
              "marginBottom": 5,
            },
            Object {
              "color": "#595959",
            },
          ],
        ]
      }
    >
      Transaction Rep
    </Text>
    <Text
      style={
        Array [
          Object {
            "color": "#000000",
            "fontFamily": "System",
            "fontWeight": "400",
            "textAlign": "left",
            "writingDirection": "ltr",
          },
          Array [
            Object {
              "color": "rgba(0, 0, 0, 0.87)",
              "fontFamily": "System",
              "fontWeight": "400",
              "textAlign": "left",
              "writingDirection": "ltr",
            },
            Array [
              Object {
                "fontSize": 14,
                "letterSpacing": 0.25,
                "lineHeight": 20,
                "marginVertical": 2,
              },
              Object {
                "fontSize": 16,
              },
            ],
            Array [
              Object {
                "fontSize": 14,
                "letterSpacing": 0.25,
                "lineHeight": 20,
                "marginVertical": 2,
              },
              Object {
                "fontSize": 16,
              },
            ],
          ],
        ]
      }
    />
  </View>
  <View
    style={
      Object {
        "marginRight": 20,
      }
    }
  >
    <Text
      style={
        Array [
          Object {
            "color": "#000000",
            "fontFamily": "System",
            "fontWeight": "400",
            "textAlign": "left",
            "writingDirection": "ltr",
          },
          Array [
            Object {
              "marginBottom": 5,
            },
            Object {
              "color": "#595959",
            },
          ],
        ]
      }
    >
      Transaction Rep Territory
    </Text>
    <Text
      style={
        Array [
          Object {
            "color": "#000000",
            "fontFamily": "System",
            "fontWeight": "400",
            "textAlign": "left",
            "writingDirection": "ltr",
          },
          Array [
            Object {
              "color": "rgba(0, 0, 0, 0.87)",
              "fontFamily": "System",
              "fontWeight": "400",
              "textAlign": "left",
              "writingDirection": "ltr",
            },
            Array [
              Object {
                "fontSize": 14,
                "letterSpacing": 0.25,
                "lineHeight": 20,
                "marginVertical": 2,
              },
              Object {
                "fontSize": 16,
              },
            ],
            Array [
              Object {
                "fontSize": 14,
                "letterSpacing": 0.25,
                "lineHeight": 20,
                "marginVertical": 2,
              },
              Object {
                "fontSize": 16,
              },
            ],
          ],
        ]
      }
    >
      
    </Text>
  </View>
  <View
    style={
      Object {
        "marginRight": 20,
      }
    }
  >
    <Text
      style={
        Array [
          Object {
            "color": "#000000",
            "fontFamily": "System",
            "fontWeight": "400",
            "textAlign": "left",
            "writingDirection": "ltr",
          },
          Array [
            Object {
              "marginBottom": 5,
            },
            Object {
              "color": "#595959",
            },
          ],
        ]
      }
    >
      Ship to
    </Text>
    <Text
      style={
        Array [
          Object {
            "color": "#000000",
            "fontFamily": "System",
            "fontWeight": "400",
            "textAlign": "left",
            "writingDirection": "ltr",
          },
          Array [
            Object {
              "color": "rgba(0, 0, 0, 0.87)",
              "fontFamily": "System",
              "fontWeight": "400",
              "textAlign": "left",
              "writingDirection": "ltr",
            },
            Array [
              Object {
                "fontSize": 14,
                "letterSpacing": 0.25,
                "lineHeight": 20,
                "marginVertical": 2,
              },
              Object {
                "fontSize": 16,
              },
            ],
            Array [
              Object {
                "fontSize": 14,
                "letterSpacing": 0.25,
                "lineHeight": 20,
                "marginVertical": 2,
              },
              Object {
                "fontSize": 16,
              },
            ],
          ],
        ]
      }
    >
      
    </Text>
  </View>
</View>
`;
