// Jest Snapshot v1, https://goo.gl/fbAQLP

exports[`ListHeader Should render ListHeader component 1`] = `
<View
  style={
    Array [
      Object {
        "borderBottomWidth": 1,
        "flexDirection": "row",
        "paddingHorizontal": 10,
        "paddingVertical": 5,
      },
      Object {
        "backgroundColor": "#ffffff",
        "borderColor": "#DADADA",
      },
    ]
  }
>
  <View
    style={
      Object {
        "flex": 1,
      }
    }
  >
    <Text
      style={
        Array [
          Object {
            "color": "#000000",
            "fontFamily": "System",
            "fontWeight": "400",
            "textAlign": "left",
            "writingDirection": "ltr",
          },
          Object {
            "fontWeight": "bold",
          },
        ]
      }
    >
      ADDRESS
    </Text>
  </View>
  <View
    style={
      Object {
        "flex": 1,
      }
    }
  >
    <Text
      style={
        Array [
          Object {
            "color": "#000000",
            "fontFamily": "System",
            "fontWeight": "400",
            "textAlign": "left",
            "writingDirection": "ltr",
          },
          Object {
            "fontWeight": "bold",
          },
        ]
      }
    >
      DEFAULT STORAGE LOCATION
    </Text>
  </View>
</View>
`;
