// Jest Snapshot v1, https://goo.gl/fbAQLP

exports[`DateField should render component 1`] = `
<View
  style={
    Array [
      Object {},
      undefined,
    ]
  }
>
  <View
    onLayout={[Function]}
    style={
      Array [
        Object {
          "width": "100%",
        },
        undefined,
        Object {
          "opacity": 1,
        },
      ]
    }
  >
    <View
      style={
        Array [
          Object {
            "borderColor": "#D9D9D9",
            "borderRadius": 4,
            "borderWidth": 1,
          },
          Object {},
        ]
      }
    >
      <View
        style={
          Object {
            "alignItems": "center",
            "flexDirection": "row",
            "height": 40,
            "minHeight": 40,
            "overflow": "hidden",
            "paddingBottom": 0,
            "paddingTop": 0,
          }
        }
      >
        <TextInput
          allowFontScaling={true}
          editable={true}
          maxResizableWidth={750}
          minHeight={60}
          minWidth={0}
          onBlur={[Function]}
          onFocus={[Function]}
          paddingLeft={8}
          paddingRight={40}
          placeholderTextColor="rgba(0, 0, 0, 0.54)"
          rejectResponderTermination={true}
          selectionColor="#0768FD"
          style={
            Array [
              Object {
                "margin": 0,
                "textAlign": "left",
                "zIndex": 5,
              },
              Object {
                "color": "#000000",
                "fontFamily": "System",
                "fontSize": 16,
                "fontWeight": undefined,
                "height": 40,
                "minHeight": 0,
                "paddingLeft": 8,
                "paddingRight": 40,
                "paddingVertical": 5,
                "textAlignVertical": "center",
                "width": "100%",
              },
            ]
          }
          underlineColorAndroid="transparent"
          value=""
        />
        <View
          accessible={true}
          focusable={true}
          isTVSelectable={true}
          onClick={[Function]}
          onResponderGrant={[Function]}
          onResponderMove={[Function]}
          onResponderRelease={[Function]}
          onResponderTerminate={[Function]}
          onResponderTerminationRequest={[Function]}
          onStartShouldSetResponder={[Function]}
          style={
            Object {
              "opacity": 1,
              "position": "absolute",
              "right": 10,
              "top": "50%",
              "transform": Array [
                Object {
                  "translateY": -12.5,
                },
              ],
              "zIndex": 5,
            }
          }
        >
          <Text
            accessibilityElementsHidden={true}
            allowFontScaling={false}
            importantForAccessibility="no-hide-descendants"
            pointerEvents="none"
            style={
              Array [
                Object {
                  "color": "#000",
                  "fontSize": 25,
                },
                Array [
                  Object {
                    "transform": Array [
                      Object {
                        "scaleX": 1,
                      },
                    ],
                  },
                  Object {
                    "backgroundColor": "transparent",
                  },
                ],
                Object {
                  "fontFamily": "Material Design Icons",
                  "fontStyle": "normal",
                  "fontWeight": "normal",
                },
                Object {},
              ]
            }
          >
            ïƒ®
          </Text>
        </View>
      </View>
    </View>
  </View>
  <View>
    <View />
  </View>
</View>
`;
