// Jest Snapshot v1, https://goo.gl/fbAQLP

exports[`StorageLocation InfoField Should render InfoField component 1`] = `
<View
  style={
    Array [
      Object {
        "marginBottom": 15,
        "width": "100%",
      },
      Object {},
    ]
  }
>
  <Text
    style={
      Object {
        "marginBottom": 15,
      }
    }
  >
    label
  </Text>
  <Text
    style={
      Object {
        "fontSize": 16,
      }
    }
  >
    text
  </Text>
</View>
`;
