// Jest Snapshot v1, https://goo.gl/fbAQLP

exports[`FormHeader Should render FormHeader 1`] = `
<View
  style={
    Object {
      "alignItems": "center",
      "backgroundColor": "#F6F6F6",
      "borderColor": "#DADADA",
      "borderWidth": 1,
      "flexDirection": "row",
      "padding": 12,
    }
  }
>
  <View
    style={
      Array [
        Object {
          "alignItems": "center",
          "borderRadius": 3,
          "height": 35,
          "marginRight": 10,
          "width": 35,
        },
        Object {
          "backgroundColor": "#AEAEAE",
        },
      ]
    }
  >
    <Text
      allowFontScaling={false}
      style={
        Array [
          Object {
            "color": "#fff",
            "fontSize": 32,
          },
          undefined,
          Object {
            "fontFamily": "Material Design Icons",
            "fontStyle": "normal",
            "fontWeight": "normal",
          },
          Object {},
        ]
      }
    >
      ï€„
    </Text>
  </View>
  <View
    style={
      Object {
        "flexGrow": 1,
      }
    }
  >
    <Text
      style={
        Object {
          "color": "#262626",
          "fontSize": 12,
          "letterSpacing": 2,
        }
      }
    >
      LABEL
    </Text>
    <Text
      style={
        Object {
          "fontSize": 17,
          "fontWeight": "bold",
        }
      }
    >
      title
    </Text>
  </View>
  <View />
  <View
    style={
      Object {
        "alignItems": "center",
        "flexDirection": "row",
        "paddingTop": 4,
      }
    }
  >
    <View
      collapsable={false}
      nativeID="animatedComponent"
      style={
        Object {
          "backgroundColor": "#ffffff",
          "borderColor": "#d9d9d9",
          "borderRadius": 4,
          "borderStyle": "solid",
          "borderWidth": 1,
          "elevation": 0,
          "marginLeft": 7,
          "minWidth": 64,
          "opacity": 1,
          "width": "auto",
        }
      }
    >
      <View
        accessibilityRole="button"
        accessibilityState={
          Object {
            "disabled": true,
          }
        }
        accessible={true}
        collapsable={false}
        focusable={true}
        nativeID="animatedComponent"
        onClick={[Function]}
        onLayout={[Function]}
        onPressIn={[Function]}
        onPressOut={[Function]}
        onResponderGrant={[Function]}
        onResponderMove={[Function]}
        onResponderRelease={[Function]}
        onResponderTerminate={[Function]}
        onResponderTerminationRequest={[Function]}
        onStartShouldSetResponder={[Function]}
        pointerEvents="box-only"
        style={Object {}}
      >
        <View
          style={
            Array [
              Object {
                "overflow": "hidden",
              },
              Array [
                Object {
                  "borderRadius": 4,
                },
                undefined,
              ],
            ]
          }
        >
          <View
            style={
              Array [
                Object {
                  "alignItems": "center",
                  "flexDirection": "row",
                  "justifyContent": "center",
                },
                undefined,
              ]
            }
          >
            <Text
              numberOfLines={1}
              style={
                Array [
                  Object {
                    "color": "#000000",
                    "fontFamily": "System",
                    "fontWeight": "400",
                    "textAlign": "left",
                    "writingDirection": "ltr",
                  },
                  Array [
                    Object {
                      "letterSpacing": 1,
                      "textAlign": "center",
                    },
                    undefined,
                    false,
                    Object {
                      "color": "#0768FD",
                      "fontFamily": "System",
                      "fontSize": 14,
                      "fontWeight": "500",
                      "marginHorizontal": 16,
                      "marginVertical": 6,
                    },
                    Object {
                      "fontFamily": "System",
                      "fontWeight": "500",
                    },
                    undefined,
                  ],
                ]
              }
            >
              button
            </Text>
          </View>
        </View>
        <View
          style={
            Array [
              Object {
                "backgroundColor": "transparent",
                "bottom": 0,
                "left": 0,
                "overflow": "hidden",
                "position": "absolute",
                "right": 0,
                "top": 0,
              },
              Object {
                "borderRadius": 0,
              },
            ]
          }
        />
      </View>
    </View>
  </View>
</View>
`;
