// Jest Snapshot v1, https://goo.gl/fbAQLP

exports[`PanelHeader should render properly 1`] = `
<View
  style={
    Object {
      "flexDirection": "row",
      "marginBottom": 10,
      "padding": 15,
      "paddingHorizontal": 30,
    }
  }
>
  <View
    style={
      Object {
        "borderRightColor": "rgb(221, 219, 218)",
        "borderRightWidth": 1,
        "flex": 1,
        "marginRight": 20,
        "paddingRight": 20,
      }
    }
  >
    <View
      onLayout={[Function]}
      style={
        Object {
          "marginBottom": 15,
        }
      }
    >
      <View
        style={
          Object {
            "flexDirection": "row",
            "flexWrap": "wrap",
          }
        }
      />
      <View
        collapsable={false}
      >
        <View
          onLayout={[Function]}
          style={
            Array [
              Object {
                "width": "100%",
              },
              Object {
                "zIndex": 1,
              },
              Object {
                "opacity": 1,
              },
            ]
          }
        >
          <Text
            style={
              Object {
                "marginBottom": 8,
              }
            }
          >
            To Sales Rep
            <Text
              style={
                Object {
                  "color": "#E20000",
                }
              }
            >
               *
            </Text>
          </Text>
          <View
            style={
              Array [
                Object {
                  "borderColor": "#D9D9D9",
                  "borderRadius": 4,
                  "borderWidth": 1,
                },
                Object {
                  "zIndex": 1,
                },
              ]
            }
          >
            <View
              style={
                Object {
                  "alignItems": "center",
                  "flexDirection": "row",
                  "height": 40,
                  "minHeight": 40,
                  "paddingBottom": 0,
                  "paddingTop": 0,
                }
              }
            >
              <TextInput
                allowFontScaling={true}
                defaultValues={Array []}
                editable={true}
                keyboardType="default"
                maxResizableWidth={750}
                minHeight={60}
                minWidth={176}
                onBlur={[Function]}
                onChange={[Function]}
                onChangeText={[Function]}
                onFocus={[Function]}
                placeholder=""
                placeholderTextColor="rgba(0, 0, 0, 0.54)"
                rejectResponderTermination={true}
                selectionColor="#0768FD"
                singleSelect={true}
                source={Array []}
                style={
                  Array [
                    Object {
                      "elevation": 5,
                      "margin": 0,
                      "paddingLeft": 8,
                      "shadowColor": "#000",
                      "shadowOffset": Object {
                        "height": 2,
                        "width": 0,
                      },
                      "shadowOpacity": 0.25,
                      "shadowRadius": 3.84,
                      "textAlign": "left",
                      "zIndex": 5,
                    },
                    Object {
                      "color": "#000000",
                      "fontFamily": "System",
                      "fontSize": 16,
                      "fontWeight": undefined,
                      "height": "95%",
                      "paddingRight": 0,
                      "textAlignVertical": "center",
                      "width": "100%",
                    },
                  ]
                }
                underlineColorAndroid="transparent"
                value=""
              />
            </View>
          </View>
        </View>
      </View>
    </View>
    <View
      style={
        Array [
          Object {
            "width": "100%",
          },
          Object {
            "marginBottom": 15,
            "width": "100%",
          },
        ]
      }
    >
      <View>
        <Text
          style={
            Array [
              Object {
                "marginBottom": 8,
              },
              Object {
                "color": "rgba(0, 0, 0, 0.4)",
                "fontFamily": "System",
                "fontWeight": "400",
              },
            ]
          }
        >
          Ship To
          <Text
            style={
              Object {
                "color": "#E20000",
              }
            }
          >
             *
          </Text>
        </Text>
        <View
          style={
            Array [
              Object {
                "alignItems": "center",
                "flexDirection": "row",
              },
              Object {
                "backgroundColor": "rgba(246, 246, 246, 0.4)",
                "borderColor": "rgba(217, 217, 217, 0.4)",
                "borderRadius": 4,
                "borderWidth": 1,
                "elevation": 0,
                "height": 40,
              },
              undefined,
            ]
          }
        >
          <View
            style={
              Object {
                "alignItems": "center",
                "alignSelf": "stretch",
                "flex": 1,
                "flexDirection": "row",
                "flexGrow": 1,
                "paddingLeft": 8,
              }
            }
          >
            <View
              accessible={true}
              focusable={true}
              hitSlop={
                Object {
                  "bottom": 14,
                  "left": 14,
                  "right": 14,
                  "top": 14,
                }
              }
              isTVSelectable={true}
              onClick={[Function]}
              onResponderGrant={[Function]}
              onResponderMove={[Function]}
              onResponderRelease={[Function]}
              onResponderTerminate={[Function]}
              onResponderTerminationRequest={[Function]}
              onStartShouldSetResponder={[Function]}
              style={
                Object {
                  "flex": 1,
                  "opacity": 1,
                }
              }
            >
              <Text
                numberOfLines={1}
                style={
                  Array [
                    Object {
                      "color": "rgba(0, 0, 0, 0.4)",
                      "fontFamily": "System",
                      "fontSize": 18,
                      "fontWeight": "400",
                      "paddingLeft": 8,
                    },
                  ]
                }
              >
                -None-
              </Text>
            </View>
          </View>
          <View
            accessibilityComponentType="button"
            accessibilityRole="button"
            accessibilityStates={
              Array [
                "disabled",
              ]
            }
            accessibilityTraits="button"
            accessible={true}
            centered={true}
            focusable={true}
            hitSlop={
              Object {
                "bottom": 6,
                "left": 6,
                "right": 6,
                "top": 6,
              }
            }
            onClick={[Function]}
            onLayout={[Function]}
            onResponderGrant={[Function]}
            onResponderMove={[Function]}
            onResponderRelease={[Function]}
            onResponderTerminate={[Function]}
            onResponderTerminationRequest={[Function]}
            onStartShouldSetResponder={[Function]}
            pointerEvents="box-only"
          >
            <View
              style={
                Array [
                  Object {
                    "overflow": "hidden",
                  },
                  Array [
                    Object {
                      "alignItems": "center",
                      "justifyContent": "center",
                      "margin": 6,
                      "overflow": "hidden",
                    },
                    Object {
                      "borderRadius": 18,
                      "height": 36,
                      "width": 36,
                    },
                    Object {
                      "opacity": 0.32,
                    },
                    Object {
                      "margin": 0,
                    },
                  ],
                ]
              }
            >
              <View>
                <Text
                  accessibilityElementsHidden={true}
                  allowFontScaling={false}
                  importantForAccessibility="no-hide-descendants"
                  pointerEvents="none"
                  style={
                    Array [
                      Object {
                        "color": "rgba(0, 0, 0, 0.4)",
                        "fontSize": 24,
                      },
                      Array [
                        Object {
                          "transform": Array [
                            Object {
                              "scaleX": 1,
                            },
                          ],
                        },
                        Object {
                          "backgroundColor": "transparent",
                        },
                      ],
                      Object {
                        "fontFamily": "Material Design Icons",
                        "fontStyle": "normal",
                        "fontWeight": "normal",
                      },
                      Object {},
                    ]
                  }
                >
                  ï…€
                </Text>
              </View>
            </View>
            <View
              style={
                Array [
                  Object {
                    "backgroundColor": "transparent",
                    "bottom": 0,
                    "left": 0,
                    "overflow": "hidden",
                    "position": "absolute",
                    "right": 0,
                    "top": 0,
                  },
                  Object {
                    "borderRadius": 0,
                  },
                ]
              }
            />
          </View>
        </View>
      </View>
      <View
        collapsable={false}
      />
    </View>
    <View
      style={
        Array [
          Object {},
          Object {
            "marginBottom": 15,
          },
        ]
      }
    >
      <View
        onLayout={[Function]}
        style={
          Array [
            Object {
              "width": "100%",
            },
            undefined,
            Object {
              "opacity": 1,
            },
          ]
        }
      >
        <Text
          style={
            Object {
              "marginBottom": 8,
            }
          }
        >
          Shipment Date
          <Text
            style={
              Object {
                "color": "#E20000",
              }
            }
          >
             *
          </Text>
        </Text>
        <View
          style={
            Array [
              Object {
                "borderColor": "#D9D9D9",
                "borderRadius": 4,
                "borderWidth": 1,
              },
              Object {},
            ]
          }
        >
          <View
            style={
              Object {
                "alignItems": "center",
                "flexDirection": "row",
                "height": 40,
                "minHeight": 40,
                "paddingBottom": 0,
                "paddingTop": 0,
              }
            }
          >
            <TextInput
              allowFontScaling={true}
              editable={true}
              maxResizableWidth={750}
              minHeight={60}
              minWidth={176}
              onBlur={[Function]}
              onChangeText={[Function]}
              onFocus={[Function]}
              placeholderTextColor="rgba(0, 0, 0, 0.54)"
              rejectResponderTermination={true}
              selectionColor="#0768FD"
              style={
                Array [
                  Object {
                    "elevation": 5,
                    "margin": 0,
                    "paddingLeft": 8,
                    "shadowColor": "#000",
                    "shadowOffset": Object {
                      "height": 2,
                      "width": 0,
                    },
                    "shadowOpacity": 0.25,
                    "shadowRadius": 3.84,
                    "textAlign": "left",
                    "zIndex": 5,
                  },
                  Object {
                    "color": "#000000",
                    "fontFamily": "System",
                    "fontSize": 16,
                    "fontWeight": undefined,
                    "height": "95%",
                    "paddingRight": 40,
                    "textAlignVertical": "center",
                    "width": "100%",
                  },
                ]
              }
              underlineColorAndroid="transparent"
              value=""
            />
            <View
              accessible={true}
              focusable={true}
              isTVSelectable={true}
              onClick={[Function]}
              onResponderGrant={[Function]}
              onResponderMove={[Function]}
              onResponderRelease={[Function]}
              onResponderTerminate={[Function]}
              onResponderTerminationRequest={[Function]}
              onStartShouldSetResponder={[Function]}
              style={
                Object {
                  "opacity": 1,
                  "position": "absolute",
                  "right": 10,
                  "top": "50%",
                  "transform": Array [
                    Object {
                      "translateY": -12.5,
                    },
                  ],
                  "zIndex": 5,
                }
              }
            >
              <Text
                accessibilityElementsHidden={true}
                allowFontScaling={false}
                importantForAccessibility="no-hide-descendants"
                pointerEvents="none"
                style={
                  Array [
                    Object {
                      "color": "#000",
                      "fontSize": 25,
                    },
                    Array [
                      Object {
                        "transform": Array [
                          Object {
                            "scaleX": 1,
                          },
                        ],
                      },
                      Object {
                        "backgroundColor": "transparent",
                      },
                    ],
                    Object {
                      "fontFamily": "Material Design Icons",
                      "fontStyle": "normal",
                      "fontWeight": "normal",
                    },
                    Object {},
                  ]
                }
              >
                ïƒ®
              </Text>
            </View>
          </View>
        </View>
      </View>
      <View>
        <View />
      </View>
    </View>
    <View
      onLayout={[Function]}
      style={
        Array [
          Object {
            "width": "100%",
          },
          Object {
            "marginBottom": 15,
          },
          Object {
            "opacity": 1,
          },
        ]
      }
    >
      <Text
        style={
          Object {
            "marginBottom": 8,
          }
        }
      >
        Shipment Carrier
        <Text
          style={
            Object {
              "color": "#E20000",
            }
          }
        >
           *
        </Text>
      </Text>
      <View
        style={
          Array [
            Object {
              "borderColor": "#D9D9D9",
              "borderRadius": 4,
              "borderWidth": 1,
            },
            Object {},
          ]
        }
      >
        <View
          style={
            Object {
              "alignItems": "center",
              "flexDirection": "row",
              "height": 40,
              "minHeight": 40,
              "paddingBottom": 0,
              "paddingTop": 0,
            }
          }
        >
          <TextInput
            allowFontScaling={true}
            editable={true}
            maxResizableWidth={750}
            minHeight={60}
            minWidth={176}
            onBlur={[Function]}
            onChangeText={[Function]}
            onFocus={[Function]}
            placeholderTextColor="rgba(0, 0, 0, 0.54)"
            rejectResponderTermination={true}
            selectionColor="#0768FD"
            style={
              Array [
                Object {
                  "elevation": 5,
                  "margin": 0,
                  "paddingLeft": 8,
                  "shadowColor": "#000",
                  "shadowOffset": Object {
                    "height": 2,
                    "width": 0,
                  },
                  "shadowOpacity": 0.25,
                  "shadowRadius": 3.84,
                  "textAlign": "left",
                  "zIndex": 5,
                },
                Object {
                  "color": "#000000",
                  "fontFamily": "System",
                  "fontSize": 16,
                  "fontWeight": undefined,
                  "height": "95%",
                  "paddingRight": 0,
                  "textAlignVertical": "center",
                  "width": "100%",
                },
              ]
            }
            underlineColorAndroid="transparent"
          />
        </View>
      </View>
    </View>
  </View>
  <View
    style={
      Object {
        "flex": 1,
      }
    }
  >
    <View
      onLayout={[Function]}
      style={
        Array [
          Object {
            "width": "100%",
          },
          Array [
            Object {
              "marginBottom": 15,
            },
            Object {
              "borderWidth": 0,
              "opacity": 1,
            },
          ],
          Object {
            "opacity": 1,
          },
        ]
      }
    >
      <Text
        style={
          Object {
            "marginBottom": 8,
          }
        }
      >
        To Sales Rep Territory
      </Text>
      <View
        style={
          Array [
            Object {
              "borderColor": "#D9D9D9",
              "borderRadius": 4,
              "borderWidth": 1,
            },
            Object {
              "borderWidth": 0,
              "opacity": 1,
            },
          ]
        }
      >
        <View
          style={
            Object {
              "alignItems": "center",
              "flexDirection": "row",
              "height": 40,
              "minHeight": 40,
              "paddingBottom": 0,
              "paddingTop": 0,
            }
          }
        >
          <TextInput
            allowFontScaling={true}
            editable={false}
            maxResizableWidth={750}
            minHeight={60}
            minWidth={176}
            onBlur={[Function]}
            onChangeText={[Function]}
            onFocus={[Function]}
            placeholderTextColor="rgba(0, 0, 0, 0.54)"
            readonly={true}
            rejectResponderTermination={true}
            selectionColor="#0768FD"
            style={
              Array [
                Object {
                  "elevation": 5,
                  "margin": 0,
                  "paddingLeft": 8,
                  "shadowColor": "#000",
                  "shadowOffset": Object {
                    "height": 2,
                    "width": 0,
                  },
                  "shadowOpacity": 0.25,
                  "shadowRadius": 3.84,
                  "textAlign": "left",
                  "zIndex": 5,
                },
                Object {
                  "color": "#000000",
                  "fontFamily": "System",
                  "fontSize": 16,
                  "fontWeight": undefined,
                  "height": "95%",
                  "paddingRight": 0,
                  "textAlignVertical": "center",
                  "width": "100%",
                },
              ]
            }
            underlineColorAndroid="transparent"
            value=""
          />
        </View>
      </View>
    </View>
    <View
      onLayout={[Function]}
      style={
        Array [
          Object {
            "width": "100%",
          },
          Object {
            "marginBottom": 15,
          },
          Object {
            "opacity": 1,
          },
        ]
      }
    >
      <Text
        style={
          Object {
            "marginBottom": 8,
          }
        }
      >
        Tracking Number
        <Text
          style={
            Object {
              "color": "#E20000",
            }
          }
        >
           *
        </Text>
      </Text>
      <View
        style={
          Array [
            Object {
              "borderColor": "#D9D9D9",
              "borderRadius": 4,
              "borderWidth": 1,
            },
            Object {},
          ]
        }
      >
        <View
          style={
            Object {
              "alignItems": "center",
              "flexDirection": "row",
              "height": 40,
              "minHeight": 40,
              "paddingBottom": 0,
              "paddingTop": 0,
            }
          }
        >
          <TextInput
            allowFontScaling={true}
            editable={true}
            maxResizableWidth={750}
            minHeight={60}
            minWidth={176}
            onBlur={[Function]}
            onChangeText={[Function]}
            onFocus={[Function]}
            placeholderTextColor="rgba(0, 0, 0, 0.54)"
            rejectResponderTermination={true}
            selectionColor="#0768FD"
            style={
              Array [
                Object {
                  "elevation": 5,
                  "margin": 0,
                  "paddingLeft": 8,
                  "shadowColor": "#000",
                  "shadowOffset": Object {
                    "height": 2,
                    "width": 0,
                  },
                  "shadowOpacity": 0.25,
                  "shadowRadius": 3.84,
                  "textAlign": "left",
                  "zIndex": 5,
                },
                Object {
                  "color": "#000000",
                  "fontFamily": "System",
                  "fontSize": 16,
                  "fontWeight": undefined,
                  "height": "95%",
                  "paddingRight": 0,
                  "textAlignVertical": "center",
                  "width": "100%",
                },
              ]
            }
            underlineColorAndroid="transparent"
          />
        </View>
      </View>
    </View>
    <View
      onLayout={[Function]}
      style={
        Array [
          Object {
            "width": "100%",
          },
          undefined,
          Object {
            "opacity": 1,
          },
        ]
      }
    >
      <Text
        style={
          Object {
            "marginBottom": 8,
          }
        }
      >
        Comments
      </Text>
      <View
        style={
          Array [
            Object {
              "borderColor": "#D9D9D9",
              "borderRadius": 4,
              "borderWidth": 1,
            },
            Object {},
          ]
        }
      >
        <View
          style={
            Object {
              "alignItems": "center",
              "flexDirection": "row",
              "height": 80,
              "minHeight": 80,
              "paddingBottom": 0,
              "paddingTop": 0,
            }
          }
        >
          <TextInput
            allowFontScaling={true}
            editable={true}
            maxResizableWidth={750}
            minHeight={60}
            minWidth={176}
            multiline={true}
            onBlur={[Function]}
            onChangeText={[Function]}
            onFocus={[Function]}
            placeholderTextColor="rgba(0, 0, 0, 0.54)"
            rejectResponderTermination={true}
            selectionColor="#0768FD"
            style={
              Array [
                Object {
                  "elevation": 5,
                  "margin": 0,
                  "paddingLeft": 8,
                  "shadowColor": "#000",
                  "shadowOffset": Object {
                    "height": 2,
                    "width": 0,
                  },
                  "shadowOpacity": 0.25,
                  "shadowRadius": 3.84,
                  "textAlign": "left",
                  "zIndex": 5,
                },
                Object {
                  "color": "#000000",
                  "fontFamily": "System",
                  "fontSize": 16,
                  "fontWeight": undefined,
                  "height": "95%",
                  "paddingRight": 0,
                  "textAlignVertical": "center",
                  "width": "100%",
                },
              ]
            }
            underlineColorAndroid="transparent"
            value=""
          />
        </View>
      </View>
    </View>
  </View>
</View>
`;
