// Jest Snapshot v1, https://goo.gl/fbAQLP

exports[`PanelHeader should render properly 1`] = `
<View
  style={
    Object {
      "borderBottomColor": "#DADADA",
      "borderBottomWidth": 1,
      "flexDirection": "row",
      "padding": 15,
    }
  }
>
  <View
    style={
      Object {
        "marginRight": 20,
      }
    }
  >
    <Text
      style={
        Object {
          "color": "#4D4D4D",
          "marginBottom": 5,
        }
      }
    >
      Order Recipient
    </Text>
    <Text
      style={
        Array [
          Object {
            "color": "#000000",
            "fontFamily": "System",
            "fontWeight": "400",
            "textAlign": "left",
            "writingDirection": "ltr",
          },
          Array [
            Object {
              "color": "rgba(0, 0, 0, 0.87)",
              "fontFamily": "System",
              "fontWeight": "400",
              "textAlign": "left",
              "writingDirection": "ltr",
            },
            Array [
              Object {
                "fontSize": 14,
                "letterSpacing": 0.25,
                "lineHeight": 20,
                "marginVertical": 2,
              },
              Object {
                "fontSize": 16,
              },
            ],
            Array [
              Object {
                "fontSize": 14,
                "letterSpacing": 0.25,
                "lineHeight": 20,
                "marginVertical": 2,
              },
              Object {
                "fontSize": 16,
              },
            ],
          ],
        ]
      }
    >
      name
    </Text>
  </View>
  <View
    style={
      Object {
        "marginRight": 20,
      }
    }
  >
    <Text
      style={
        Object {
          "color": "#4D4D4D",
          "marginBottom": 5,
        }
      }
    >
      Recipient Territory
    </Text>
    <Text
      style={
        Array [
          Object {
            "color": "#000000",
            "fontFamily": "System",
            "fontWeight": "400",
            "textAlign": "left",
            "writingDirection": "ltr",
          },
          Array [
            Object {
              "color": "rgba(0, 0, 0, 0.87)",
              "fontFamily": "System",
              "fontWeight": "400",
              "textAlign": "left",
              "writingDirection": "ltr",
            },
            Array [
              Object {
                "fontSize": 14,
                "letterSpacing": 0.25,
                "lineHeight": 20,
                "marginVertical": 2,
              },
              Object {
                "fontSize": 16,
              },
            ],
            Array [
              Object {
                "fontSize": 14,
                "letterSpacing": 0.25,
                "lineHeight": 20,
                "marginVertical": 2,
              },
              Object {
                "fontSize": 16,
              },
            ],
          ],
        ]
      }
    >
      name
    </Text>
  </View>
  <View
    style={
      Object {
        "marginRight": 20,
      }
    }
  >
    <Text
      style={
        Object {
          "color": "#4D4D4D",
          "marginBottom": 5,
        }
      }
    >
      Status
    </Text>
    <View
      style={
        Array [
          Object {
            "alignSelf": "flex-start",
            "borderRadius": 10,
            "flexDirection": "row",
            "paddingHorizontal": 6,
            "paddingVertical": 2,
          },
          Object {
            "borderRadius": 15,
            "fontSize": 16,
            "paddingHorizontal": 8,
            "paddingVertical": 6,
          },
          Object {
            "backgroundColor": "#ffb75d",
            "marginRight": 5,
          },
        ]
      }
    >
      <Text
        style={
          Array [
            Object {
              "color": "white",
              "fontSize": 12,
              "fontWeight": "700",
            },
            Object {
              "color": "white",
            },
          ]
        }
      >
        In Progress
      </Text>
    </View>
  </View>
  <View
    style={
      Object {
        "marginRight": 20,
      }
    }
  >
    <Text
      style={
        Object {
          "color": "#4D4D4D",
          "marginBottom": 5,
        }
      }
    />
    <View
      style={
        Object {
          "alignItems": "center",
          "flexDirection": "row",
        }
      }
    >
      <View
        accessibilityComponentType="button"
        accessibilityLiveRegion="polite"
        accessibilityRole="button"
        accessibilityStates={Array []}
        accessibilityTraits="button"
        accessible={true}
        focusable={true}
        onClick={[Function]}
        onLayout={[Function]}
        onResponderGrant={[Function]}
        onResponderMove={[Function]}
        onResponderRelease={[Function]}
        onResponderTerminate={[Function]}
        onResponderTerminationRequest={[Function]}
        onStartShouldSetResponder={[Function]}
        pointerEvents="box-only"
      >
        <View
          style={
            Array [
              Object {
                "overflow": "hidden",
              },
              Object {
                "borderRadius": 18,
                "height": 36,
                "padding": 6,
                "width": 36,
              },
            ]
          }
        >
          <View
            style={
              Object {
                "transform": Array [
                  Object {
                    "scale": 1,
                  },
                ],
              }
            }
          >
            <Text
              accessibilityElementsHidden={true}
              allowFontScaling={false}
              importantForAccessibility="no-hide-descendants"
              pointerEvents="none"
              style={
                Array [
                  Object {
                    "color": "rgba(0, 0, 0, 0.54)",
                    "fontSize": 24,
                  },
                  Array [
                    Object {
                      "transform": Array [
                        Object {
                          "scaleX": 1,
                        },
                      ],
                    },
                    Object {
                      "backgroundColor": "transparent",
                    },
                  ],
                  Object {
                    "fontFamily": "Material Design Icons",
                    "fontStyle": "normal",
                    "fontWeight": "normal",
                  },
                  Object {},
                ]
              }
            >
              ï„±
            </Text>
            <View
              style={
                Array [
                  Object {
                    "bottom": 0,
                    "left": 0,
                    "position": "absolute",
                    "right": 0,
                    "top": 0,
                  },
                  Object {
                    "alignItems": "center",
                    "justifyContent": "center",
                  },
                ]
              }
            >
              <View
                style={
                  Object {
                    "borderColor": "rgba(0, 0, 0, 0.54)",
                    "borderWidth": 0,
                    "height": 14,
                    "width": 14,
                  }
                }
              />
            </View>
          </View>
        </View>
        <View
          style={
            Array [
              Object {
                "backgroundColor": "transparent",
                "bottom": 0,
                "left": 0,
                "overflow": "hidden",
                "position": "absolute",
                "right": 0,
                "top": 0,
              },
              Object {
                "borderRadius": 0,
              },
            ]
          }
        />
      </View>
      <Text
        style={
          Object {
            "fontWeight": "normal",
            "opacity": 1,
          }
        }
      >
        Is Urgent?
      </Text>
    </View>
  </View>
</View>
`;
