// Jest Snapshot v1, https://goo.gl/fbAQLP

exports[`CountCell should render properly 1`] = `
<View
  style={
    Object {
      "paddingVertical": 5,
    }
  }
>
  <View
    onLayout={[Function]}
    style={
      Array [
        Object {
          "width": 176,
        },
        Object {
          "width": 80,
        },
        Object {
          "opacity": 1,
        },
      ]
    }
  >
    <View
      style={
        Array [
          Object {
            "borderColor": "#D9D9D9",
            "borderRadius": 0,
            "borderWidth": 0,
          },
          Object {
            "width": 80,
          },
        ]
      }
    >
      <View
        style={
          Object {
            "alignItems": "center",
            "flexDirection": "row",
            "height": 40,
            "minHeight": 40,
            "overflow": "hidden",
            "paddingBottom": 0,
            "paddingTop": 0,
          }
        }
      >
        <TextInput
          editable={false}
          maxResizableWidth={750}
          minHeight={60}
          minWidth={0}
          onBlur={[Function]}
          onChangeText={[Function]}
          onFocus={[Function]}
          paddingLeft={8}
          paddingRight={8}
          placeholderTextColor="rgba(0, 0, 0, 0.54)"
          selectionColor="#0768FD"
          style={
            Array [
              Object {
                "margin": 0,
                "textAlign": "left",
                "zIndex": 5,
              },
              undefined,
              Object {
                "color": "#000000",
                "fontFamily": "System",
                "fontSize": 16,
                "fontWeight": undefined,
                "height": 40,
                "minHeight": 0,
                "paddingLeft": 8,
                "paddingRight": 8,
                "paddingVertical": 5,
                "textAlignVertical": "center",
                "width": "100%",
              },
            ]
          }
          value="1"
        />
      </View>
    </View>
  </View>
</View>
`;

exports[`CountCell should render properly 2`] = `
<View
  style={
    Object {
      "paddingVertical": 5,
    }
  }
>
  <View
    onLayout={[Function]}
    style={
      Array [
        Object {
          "width": 176,
        },
        Object {
          "width": 80,
        },
        Object {
          "opacity": 1,
        },
      ]
    }
  >
    <View
      style={
        Array [
          Object {
            "borderColor": "#D9D9D9",
            "borderRadius": 0,
            "borderWidth": 0,
          },
          Object {
            "width": 80,
          },
        ]
      }
    >
      <View
        style={
          Object {
            "alignItems": "center",
            "flexDirection": "row",
            "height": 40,
            "minHeight": 40,
            "overflow": "hidden",
            "paddingBottom": 0,
            "paddingTop": 0,
          }
        }
      >
        <TextInput
          editable={false}
          maxResizableWidth={750}
          minHeight={60}
          minWidth={0}
          onBlur={[Function]}
          onChangeText={[Function]}
          onFocus={[Function]}
          paddingLeft={8}
          paddingRight={8}
          placeholderTextColor="rgba(0, 0, 0, 0.54)"
          selectionColor="#0768FD"
          style={
            Array [
              Object {
                "margin": 0,
                "textAlign": "left",
                "zIndex": 5,
              },
              undefined,
              Object {
                "color": "#000000",
                "fontFamily": "System",
                "fontSize": 16,
                "fontWeight": undefined,
                "height": 40,
                "minHeight": 0,
                "paddingLeft": 8,
                "paddingRight": 8,
                "paddingVertical": 5,
                "textAlignVertical": "center",
                "width": "100%",
              },
            ]
          }
          value="1"
        />
      </View>
    </View>
  </View>
</View>
`;
