// Jest Snapshot v1, https://goo.gl/fbAQLP

exports[`QuantityCell should render properly 1`] = `
<View
  style={
    Object {
      "padding": 5,
      "width": "100%",
    }
  }
>
  <View
    onLayout={[Function]}
    style={
      Array [
        Object {
          "width": "100%",
        },
        undefined,
        Object {
          "opacity": 1,
        },
        Object {
          "elevation": 10,
          "shadowColor": "#000000",
          "shadowOffset": Object {
            "height": 5,
            "width": 0,
          },
          "shadowOpacity": 0.34,
          "shadowRadius": 6.27,
        },
      ]
    }
  >
    <View
      style={
        Array [
          Object {
            "borderColor": "#D9D9D9",
            "borderRadius": 4,
            "borderWidth": 1,
          },
          Object {},
        ]
      }
    >
      <View
        style={
          Object {
            "alignItems": "center",
            "flexDirection": "row",
            "height": 40,
            "minHeight": 40,
            "overflow": "hidden",
            "paddingBottom": 0,
            "paddingTop": 0,
          }
        }
      >
        <TextInput
          allowFontScaling={true}
          editable={true}
          keyboardType="numeric"
          maxResizableWidth={750}
          minHeight={60}
          minWidth={0}
          onBlur={[Function]}
          onChangeText={[Function]}
          onFocus={[Function]}
          paddingLeft={8}
          paddingRight={8}
          placeholderTextColor="rgba(0, 0, 0, 0.54)"
          rejectResponderTermination={true}
          selectionColor="#0768FD"
          style={
            Array [
              Object {
                "margin": 0,
                "textAlign": "left",
                "zIndex": 5,
              },
              Object {
                "color": "#000000",
                "fontFamily": "System",
                "fontSize": 16,
                "fontWeight": undefined,
                "height": 40,
                "minHeight": 0,
                "paddingLeft": 8,
                "paddingRight": 8,
                "paddingVertical": 5,
                "textAlignVertical": "center",
                "width": "100%",
              },
            ]
          }
          underlineColorAndroid="transparent"
          value="some text"
        />
      </View>
    </View>
  </View>
</View>
`;

exports[`QuantityCell should render properly 2`] = `
<View
  style={
    Object {
      "padding": 5,
      "width": "100%",
    }
  }
>
  <View
    onLayout={[Function]}
    style={
      Array [
        Object {
          "width": "100%",
        },
        undefined,
        Object {
          "opacity": 1,
        },
        Object {
          "elevation": 10,
          "shadowColor": "#000000",
          "shadowOffset": Object {
            "height": 5,
            "width": 0,
          },
          "shadowOpacity": 0.34,
          "shadowRadius": 6.27,
        },
      ]
    }
  >
    <View
      style={
        Array [
          Object {
            "borderColor": "#D9D9D9",
            "borderRadius": 4,
            "borderWidth": 1,
          },
          Object {},
        ]
      }
    >
      <View
        style={
          Object {
            "alignItems": "center",
            "flexDirection": "row",
            "height": 40,
            "minHeight": 40,
            "overflow": "hidden",
            "paddingBottom": 0,
            "paddingTop": 0,
          }
        }
      >
        <TextInput
          allowFontScaling={true}
          editable={true}
          keyboardType="numeric"
          maxResizableWidth={750}
          minHeight={60}
          minWidth={0}
          onBlur={[Function]}
          onChangeText={[Function]}
          onFocus={[Function]}
          paddingLeft={8}
          paddingRight={8}
          placeholderTextColor="rgba(0, 0, 0, 0.54)"
          rejectResponderTermination={true}
          selectionColor="#0768FD"
          style={
            Array [
              Object {
                "margin": 0,
                "textAlign": "left",
                "zIndex": 5,
              },
              Object {
                "color": "#000000",
                "fontFamily": "System",
                "fontSize": 16,
                "fontWeight": undefined,
                "height": 40,
                "minHeight": 0,
                "paddingLeft": 8,
                "paddingRight": 8,
                "paddingVertical": 5,
                "textAlignVertical": "center",
                "width": "100%",
              },
            ]
          }
          underlineColorAndroid="transparent"
          value="some text"
        />
      </View>
    </View>
  </View>
</View>
`;
